2026-05-23 08:25:53,316 [INFO] main: photo_allocate pipeline запущен  |  dry-run=False  |  stage=1
2026-05-23 08:25:53,330 [INFO] stage1: === Этап 1: сортировка файлов ===
2026-05-23 08:25:53,331 [INFO] sorter: Источник : \\webdav.cloud.mail.ru@SSL\DavWWWRoot\Camera Uploads
2026-05-23 08:25:53,332 [INFO] sorter: Архив    : \\webdav.cloud.mail.ru@SSL\DavWWWRoot\Foto (Фото)
2026-05-23 08:25:53,332 [INFO] sorter: Dry-run  : False
2026-05-23 08:25:54,126 [INFO] sorter: Перемещён: IMG_20260310_125846.jpg  →  \\webdav.cloud.mail.ru@SSL\DavWWWRoot\Foto (Фото)\2026\03.10
2026-05-23 08:25:54,264 [INFO] sorter: Перемещён: IMG_20260310_125903.jpg  →  \\webdav.cloud.mail.ru@SSL\DavWWWRoot\Foto (Фото)\2026\03.10
2026-05-23 08:25:54,495 [INFO] sorter: Перемещён: IMG_20260310_125924.jpg  →  \\webdav.cloud.mail.ru@SSL\DavWWWRoot\Foto (Фото)\2026\03.10
2026-05-23 08:25:54,653 [INFO] sorter: Перемещён: IMG_20260310_174613.jpg  →  \\webdav.cloud.mail.ru@SSL\DavWWWRoot\Foto (Фото)\2026\03.10
2026-05-23 08:25:54,760 [INFO] sorter: Перемещён: IMG_20260310_174619.jpg  →  \\webdav.cloud.mail.ru@SSL\DavWWWRoot\Foto (Фото)\2026\03.10
2026-05-23 08:25:55,617 [INFO] sorter: Перемещён: IMG_20260312_131227.jpg  →  \\webdav.cloud.mail.ru@SSL\DavWWWRoot\Foto (Фото)\2026\03.12
2026-05-23 08:25:55,735 [INFO] sorter: Перемещён: IMG_20260312_131231.jpg  →  \\webdav.cloud.mail.ru@SSL\DavWWWRoot\Foto (Фото)\2026\03.12
2026-05-23 08:25:55,965 [INFO] sorter: Перемещён: IMG_20260312_131240.jpg  →  \\webdav.cloud.mail.ru@SSL\DavWWWRoot\Foto (Фото)\2026\03.12
2026-05-23 08:25:56,048 [INFO] sorter: Перемещён: IMG_20260312_221610_1.jpg  →  \\webdav.cloud.mail.ru@SSL\DavWWWRoot\Foto (Фото)\2026\03.12
2026-05-23 08:25:56,530 [INFO] sorter: Перемещён: IMG_20260313_131015.jpg  →  \\webdav.cloud.mail.ru@SSL\DavWWWRoot\Foto (Фото)\2026\03.13
2026-05-23 08:25:56,665 [INFO] sorter: Перемещён: IMG_20260313_131200.jpg  →  \\webdav.cloud.mail.ru@SSL\DavWWWRoot\Foto (Фото)\2026\03.13
2026-05-23 08:25:57,206 [INFO] sorter: Перемещён: IMG_20260314_121937_1.jpg  →  \\webdav.cloud.mail.ru@SSL\DavWWWRoot\Foto (Фото)\2026\03.14
2026-05-23 08:25:57,352 [INFO] sorter: Перемещён: IMG_20260314_121952_1.jpg  →  \\webdav.cloud.mail.ru@SSL\DavWWWRoot\Foto (Фото)\2026\03.14
2026-05-23 08:25:57,571 [INFO] sorter: Перемещён: IMG_20260314_122005_1.jpg  →  \\webdav.cloud.mail.ru@SSL\DavWWWRoot\Foto (Фото)\2026\03.14
2026-05-23 08:25:57,705 [INFO] sorter: Перемещён: IMG_20260314_145921.jpg  →  \\webdav.cloud.mail.ru@SSL\DavWWWRoot\Foto (Фото)\2026\03.14
2026-05-23 08:25:58,499 [INFO] sorter: Перемещён: IMG_20260316_133716.jpg  →  \\webdav.cloud.mail.ru@SSL\DavWWWRoot\Foto (Фото)\2026\03.16
2026-05-23 08:25:58,661 [INFO] sorter: Перемещён: IMG_20260316_133717.jpg  →  \\webdav.cloud.mail.ru@SSL\DavWWWRoot\Foto (Фото)\2026\03.16
2026-05-23 08:25:58,823 [INFO] sorter: Перемещён: IMG_20260316_133803.jpg  →  \\webdav.cloud.mail.ru@SSL\DavWWWRoot\Foto (Фото)\2026\03.16
2026-05-23 08:25:58,959 [INFO] sorter: Перемещён: IMG_20260316_133814.jpg  →  \\webdav.cloud.mail.ru@SSL\DavWWWRoot\Foto (Фото)\2026\03.16
2026-05-23 08:25:59,120 [INFO] sorter: Перемещён: IMG_20260316_174527.jpg  →  \\webdav.cloud.mail.ru@SSL\DavWWWRoot\Foto (Фото)\2026\03.16
2026-05-23 08:25:59,684 [INFO] sorter: Перемещён: IMG_20260317_133157.jpg  →  \\webdav.cloud.mail.ru@SSL\DavWWWRoot\Foto (Фото)\2026\03.17
2026-05-23 08:26:00,167 [INFO] sorter: Перемещён: IMG_20260318_063554 (1).jpg  →  \\webdav.cloud.mail.ru@SSL\DavWWWRoot\Foto (Фото)\2026\03.18
2026-05-23 08:26:00,420 [INFO] sorter: Перемещён: IMG_20260318_063554.jpg  →  \\webdav.cloud.mail.ru@SSL\DavWWWRoot\Foto (Фото)\2026\03.18
2026-05-23 08:26:00,626 [INFO] sorter: Перемещён: IMG_20260318_063620 (1).jpg  →  \\webdav.cloud.mail.ru@SSL\DavWWWRoot\Foto (Фото)\2026\03.18
2026-05-23 08:26:00,725 [INFO] sorter: Перемещён: IMG_20260318_063620.jpg  →  \\webdav.cloud.mail.ru@SSL\DavWWWRoot\Foto (Фото)\2026\03.18
2026-05-23 08:26:00,921 [INFO] sorter: Перемещён: IMG_20260318_063704.jpg  →  \\webdav.cloud.mail.ru@SSL\DavWWWRoot\Foto (Фото)\2026\03.18
2026-05-23 08:26:01,598 [INFO] sorter: Перемещён: IMG_20260320_113340_1.jpg  →  \\webdav.cloud.mail.ru@SSL\DavWWWRoot\Foto (Фото)\2026\03.20
2026-05-23 08:26:02,164 [INFO] sorter: Перемещён: IMG_20260322_140341.jpg  →  \\webdav.cloud.mail.ru@SSL\DavWWWRoot\Foto (Фото)\2026\03.22
2026-05-23 08:26:02,296 [INFO] sorter: Перемещён: IMG_20260322_140452.jpg  →  \\webdav.cloud.mail.ru@SSL\DavWWWRoot\Foto (Фото)\2026\03.22
2026-05-23 08:26:02,437 [INFO] sorter: Перемещён: IMG_20260322_140516.jpg  →  \\webdav.cloud.mail.ru@SSL\DavWWWRoot\Foto (Фото)\2026\03.22
2026-05-23 08:26:02,644 [INFO] sorter: Перемещён: IMG_20260322_140628.jpg  →  \\webdav.cloud.mail.ru@SSL\DavWWWRoot\Foto (Фото)\2026\03.22
2026-05-23 08:26:02,873 [INFO] sorter: Перемещён: IMG_20260322_140635.jpg  →  \\webdav.cloud.mail.ru@SSL\DavWWWRoot\Foto (Фото)\2026\03.22
2026-05-23 08:26:04,189 [INFO] sorter: Перемещён: IMG_20260322_140719.jpg  →  \\webdav.cloud.mail.ru@SSL\DavWWWRoot\Foto (Фото)\2026\03.22
2026-05-23 08:26:04,327 [INFO] sorter: Перемещён: IMG_20260322_140904.jpg  →  \\webdav.cloud.mail.ru@SSL\DavWWWRoot\Foto (Фото)\2026\03.22
2026-05-23 08:26:04,495 [INFO] sorter: Перемещён: IMG_20260322_140913.jpg  →  \\webdav.cloud.mail.ru@SSL\DavWWWRoot\Foto (Фото)\2026\03.22
2026-05-23 08:26:04,675 [INFO] sorter: Перемещён: IMG_20260322_140946.jpg  →  \\webdav.cloud.mail.ru@SSL\DavWWWRoot\Foto (Фото)\2026\03.22
2026-05-23 08:26:04,825 [INFO] sorter: Перемещён: IMG_20260322_141028.jpg  →  \\webdav.cloud.mail.ru@SSL\DavWWWRoot\Foto (Фото)\2026\03.22
2026-05-23 08:26:04,978 [INFO] sorter: Перемещён: IMG_20260322_141201.jpg  →  \\webdav.cloud.mail.ru@SSL\DavWWWRoot\Foto (Фото)\2026\03.22
2026-05-23 08:26:05,152 [INFO] sorter: Перемещён: IMG_20260322_141219.jpg  →  \\webdav.cloud.mail.ru@SSL\DavWWWRoot\Foto (Фото)\2026\03.22
2026-05-23 08:26:05,311 [INFO] sorter: Перемещён: IMG_20260322_141222.jpg  →  \\webdav.cloud.mail.ru@SSL\DavWWWRoot\Foto (Фото)\2026\03.22
2026-05-23 08:26:05,453 [INFO] sorter: Перемещён: IMG_20260322_141551.jpg  →  \\webdav.cloud.mail.ru@SSL\DavWWWRoot\Foto (Фото)\2026\03.22
2026-05-23 08:26:05,641 [INFO] sorter: Перемещён: IMG_20260322_141620.jpg  →  \\webdav.cloud.mail.ru@SSL\DavWWWRoot\Foto (Фото)\2026\03.22
2026-05-23 08:26:05,761 [INFO] sorter: Перемещён: IMG_20260322_141626.jpg  →  \\webdav.cloud.mail.ru@SSL\DavWWWRoot\Foto (Фото)\2026\03.22
2026-05-23 08:26:06,297 [INFO] sorter: Перемещён: IMG_20260323_222758.jpg  →  \\webdav.cloud.mail.ru@SSL\DavWWWRoot\Foto (Фото)\2026\03.23
2026-05-23 08:26:06,498 [INFO] sorter: Перемещён: IMG_20260323_222810.jpg  →  \\webdav.cloud.mail.ru@SSL\DavWWWRoot\Foto (Фото)\2026\03.23
2026-05-23 08:26:07,002 [INFO] sorter: Перемещён: IMG_20260324_130903.jpg  →  \\webdav.cloud.mail.ru@SSL\DavWWWRoot\Foto (Фото)\2026\03.24
2026-05-23 08:26:07,143 [INFO] sorter: Перемещён: IMG_20260324_130928.jpg  →  \\webdav.cloud.mail.ru@SSL\DavWWWRoot\Foto (Фото)\2026\03.24
2026-05-23 08:26:07,310 [INFO] sorter: Перемещён: IMG_20260324_131003.jpg  →  \\webdav.cloud.mail.ru@SSL\DavWWWRoot\Foto (Фото)\2026\03.24
2026-05-23 08:26:07,957 [INFO] sorter: Перемещён: IMG_20260328_085837.jpg  →  \\webdav.cloud.mail.ru@SSL\DavWWWRoot\Foto (Фото)\2026\03.28
2026-05-23 08:26:08,116 [INFO] sorter: Перемещён: IMG_20260328_152750.jpg  →  \\webdav.cloud.mail.ru@SSL\DavWWWRoot\Foto (Фото)\2026\03.28
2026-05-23 08:26:08,296 [INFO] sorter: Перемещён: IMG_20260328_152753.jpg  →  \\webdav.cloud.mail.ru@SSL\DavWWWRoot\Foto (Фото)\2026\03.28
2026-05-23 08:26:08,810 [INFO] sorter: Перемещён: IMG_20260329_130020.jpg  →  \\webdav.cloud.mail.ru@SSL\DavWWWRoot\Foto (Фото)\2026\03.29
2026-05-23 08:26:08,892 [INFO] sorter: Перемещён: IMG_20260329_130059.jpg  →  \\webdav.cloud.mail.ru@SSL\DavWWWRoot\Foto (Фото)\2026\03.29
2026-05-23 08:26:09,028 [INFO] sorter: Перемещён: IMG_20260329_130101.jpg  →  \\webdav.cloud.mail.ru@SSL\DavWWWRoot\Foto (Фото)\2026\03.29
2026-05-23 08:26:09,248 [INFO] sorter: Перемещён: IMG_20260329_130106.jpg  →  \\webdav.cloud.mail.ru@SSL\DavWWWRoot\Foto (Фото)\2026\03.29
2026-05-23 08:26:09,369 [INFO] sorter: Перемещён: IMG_20260329_132712.jpg  →  \\webdav.cloud.mail.ru@SSL\DavWWWRoot\Foto (Фото)\2026\03.29
2026-05-23 08:26:09,795 [INFO] sorter: Перемещён: IMG_20260331_181424.jpg  →  \\webdav.cloud.mail.ru@SSL\DavWWWRoot\Foto (Фото)\2026\03.31
2026-05-23 08:26:09,927 [INFO] sorter: Перемещён: IMG_20260331_181459.jpg  →  \\webdav.cloud.mail.ru@SSL\DavWWWRoot\Foto (Фото)\2026\03.31
2026-05-23 08:26:10,032 [INFO] sorter: Перемещён: IMG_20260331_181526.jpg  →  \\webdav.cloud.mail.ru@SSL\DavWWWRoot\Foto (Фото)\2026\03.31
2026-05-23 08:26:10,171 [INFO] sorter: Перемещён: IMG_20260331_181616.jpg  →  \\webdav.cloud.mail.ru@SSL\DavWWWRoot\Foto (Фото)\2026\03.31
2026-05-23 08:26:11,001 [INFO] sorter: Перемещён: IMG_20260402_130759.jpg  →  \\webdav.cloud.mail.ru@SSL\DavWWWRoot\Foto (Фото)\2026\04.02
2026-05-23 08:26:11,121 [INFO] sorter: Перемещён: IMG_20260402_130827.jpg  →  \\webdav.cloud.mail.ru@SSL\DavWWWRoot\Foto (Фото)\2026\04.02
2026-05-23 08:26:11,641 [INFO] sorter: Перемещён: IMG_20260403_102715.jpg  →  \\webdav.cloud.mail.ru@SSL\DavWWWRoot\Foto (Фото)\2026\04.03
2026-05-23 08:26:11,822 [INFO] sorter: Перемещён: IMG_20260403_102724.jpg  →  \\webdav.cloud.mail.ru@SSL\DavWWWRoot\Foto (Фото)\2026\04.03
2026-05-23 08:26:11,950 [INFO] sorter: Перемещён: IMG_20260403_150044.jpg  →  \\webdav.cloud.mail.ru@SSL\DavWWWRoot\Foto (Фото)\2026\04.03
2026-05-23 08:26:12,598 [INFO] sorter: Перемещён: IMG_20260404_140634.jpg  →  \\webdav.cloud.mail.ru@SSL\DavWWWRoot\Foto (Фото)\2026\04.04
2026-05-23 08:26:12,784 [INFO] sorter: Перемещён: IMG_20260404_143910.jpg  →  \\webdav.cloud.mail.ru@SSL\DavWWWRoot\Foto (Фото)\2026\04.04
2026-05-23 08:26:12,998 [INFO] sorter: Перемещён: IMG_20260404_150831.jpg  →  \\webdav.cloud.mail.ru@SSL\DavWWWRoot\Foto (Фото)\2026\04.04
2026-05-23 08:26:13,153 [INFO] sorter: Перемещён: IMG_20260404_150838.jpg  →  \\webdav.cloud.mail.ru@SSL\DavWWWRoot\Foto (Фото)\2026\04.04
2026-05-23 08:26:13,291 [INFO] sorter: Перемещён: IMG_20260404_150859.jpg  →  \\webdav.cloud.mail.ru@SSL\DavWWWRoot\Foto (Фото)\2026\04.04
2026-05-23 08:26:13,448 [INFO] sorter: Перемещён: IMG_20260404_150914.jpg  →  \\webdav.cloud.mail.ru@SSL\DavWWWRoot\Foto (Фото)\2026\04.04
2026-05-23 08:26:13,620 [INFO] sorter: Перемещён: IMG_20260404_150915.jpg  →  \\webdav.cloud.mail.ru@SSL\DavWWWRoot\Foto (Фото)\2026\04.04
2026-05-23 08:26:13,777 [INFO] sorter: Перемещён: IMG_20260404_151138.jpg  →  \\webdav.cloud.mail.ru@SSL\DavWWWRoot\Foto (Фото)\2026\04.04
2026-05-23 08:26:14,048 [INFO] sorter: Перемещён: IMG_20260404_151141.jpg  →  \\webdav.cloud.mail.ru@SSL\DavWWWRoot\Foto (Фото)\2026\04.04
2026-05-23 08:26:14,270 [INFO] sorter: Перемещён: IMG_20260404_151146.jpg  →  \\webdav.cloud.mail.ru@SSL\DavWWWRoot\Foto (Фото)\2026\04.04
2026-05-23 08:26:14,568 [INFO] sorter: Перемещён: IMG_20260404_151654.jpg  →  \\webdav.cloud.mail.ru@SSL\DavWWWRoot\Foto (Фото)\2026\04.04
2026-05-23 08:26:14,725 [INFO] sorter: Перемещён: IMG_20260404_151716.jpg  →  \\webdav.cloud.mail.ru@SSL\DavWWWRoot\Foto (Фото)\2026\04.04
2026-05-23 08:26:14,928 [INFO] sorter: Перемещён: IMG_20260404_151717.jpg  →  \\webdav.cloud.mail.ru@SSL\DavWWWRoot\Foto (Фото)\2026\04.04
2026-05-23 08:26:15,076 [INFO] sorter: Перемещён: IMG_20260404_151719.jpg  →  \\webdav.cloud.mail.ru@SSL\DavWWWRoot\Foto (Фото)\2026\04.04
2026-05-23 08:26:15,173 [INFO] sorter: Перемещён: IMG_20260404_151743.jpg  →  \\webdav.cloud.mail.ru@SSL\DavWWWRoot\Foto (Фото)\2026\04.04
2026-05-23 08:26:15,333 [INFO] sorter: Перемещён: IMG_20260404_155920.jpg  →  \\webdav.cloud.mail.ru@SSL\DavWWWRoot\Foto (Фото)\2026\04.04
2026-05-23 08:26:15,465 [INFO] sorter: Перемещён: IMG_20260404_155938.jpg  →  \\webdav.cloud.mail.ru@SSL\DavWWWRoot\Foto (Фото)\2026\04.04
2026-05-23 08:26:15,677 [INFO] sorter: Перемещён: IMG_20260404_155940.jpg  →  \\webdav.cloud.mail.ru@SSL\DavWWWRoot\Foto (Фото)\2026\04.04
2026-05-23 08:26:15,809 [INFO] sorter: Перемещён: IMG_20260404_155942.jpg  →  \\webdav.cloud.mail.ru@SSL\DavWWWRoot\Foto (Фото)\2026\04.04
2026-05-23 08:26:15,959 [INFO] sorter: Перемещён: IMG_20260404_160243.jpg  →  \\webdav.cloud.mail.ru@SSL\DavWWWRoot\Foto (Фото)\2026\04.04
2026-05-23 08:26:16,138 [INFO] sorter: Перемещён: IMG_20260404_160300.jpg  →  \\webdav.cloud.mail.ru@SSL\DavWWWRoot\Foto (Фото)\2026\04.04
2026-05-23 08:26:16,329 [INFO] sorter: Перемещён: IMG_20260404_160311.jpg  →  \\webdav.cloud.mail.ru@SSL\DavWWWRoot\Foto (Фото)\2026\04.04
2026-05-23 08:26:16,483 [INFO] sorter: Перемещён: IMG_20260404_160326.jpg  →  \\webdav.cloud.mail.ru@SSL\DavWWWRoot\Foto (Фото)\2026\04.04
2026-05-23 08:26:16,616 [INFO] sorter: Перемещён: IMG_20260404_160349.jpg  →  \\webdav.cloud.mail.ru@SSL\DavWWWRoot\Foto (Фото)\2026\04.04
2026-05-23 08:26:16,790 [INFO] sorter: Перемещён: IMG_20260404_234623.jpg  →  \\webdav.cloud.mail.ru@SSL\DavWWWRoot\Foto (Фото)\2026\04.04
2026-05-23 08:26:17,352 [INFO] sorter: Перемещён: IMG_20260405_114942_1.jpg  →  \\webdav.cloud.mail.ru@SSL\DavWWWRoot\Foto (Фото)\2026\04.05
2026-05-23 08:26:17,592 [INFO] sorter: Перемещён: IMG_20260405_115137_1.jpg  →  \\webdav.cloud.mail.ru@SSL\DavWWWRoot\Foto (Фото)\2026\04.05
2026-05-23 08:26:17,757 [INFO] sorter: Перемещён: IMG_20260405_115337_1.jpg  →  \\webdav.cloud.mail.ru@SSL\DavWWWRoot\Foto (Фото)\2026\04.05
2026-05-23 08:26:17,895 [INFO] sorter: Перемещён: IMG_20260405_115351_1.jpg  →  \\webdav.cloud.mail.ru@SSL\DavWWWRoot\Foto (Фото)\2026\04.05
2026-05-23 08:26:18,082 [INFO] sorter: Перемещён: IMG_20260405_115500_1.jpg  →  \\webdav.cloud.mail.ru@SSL\DavWWWRoot\Foto (Фото)\2026\04.05
2026-05-23 08:26:18,222 [INFO] sorter: Перемещён: IMG_20260405_115518_1.jpg  →  \\webdav.cloud.mail.ru@SSL\DavWWWRoot\Foto (Фото)\2026\04.05
2026-05-23 08:26:18,807 [INFO] sorter: Перемещён: IMG_20260406_072913.jpg  →  \\webdav.cloud.mail.ru@SSL\DavWWWRoot\Foto (Фото)\2026\04.06
2026-05-23 08:26:19,284 [INFO] sorter: Перемещён: IMG_20260408_133639_1.jpg  →  \\webdav.cloud.mail.ru@SSL\DavWWWRoot\Foto (Фото)\2026\04.08
2026-05-23 08:26:19,482 [INFO] sorter: Перемещён: IMG_20260408_133652_1.jpg  →  \\webdav.cloud.mail.ru@SSL\DavWWWRoot\Foto (Фото)\2026\04.08
2026-05-23 08:26:19,615 [INFO] sorter: Перемещён: IMG_20260408_133720_1.jpg  →  \\webdav.cloud.mail.ru@SSL\DavWWWRoot\Foto (Фото)\2026\04.08
2026-05-23 08:26:19,756 [INFO] sorter: Перемещён: IMG_20260408_133748_1.jpg  →  \\webdav.cloud.mail.ru@SSL\DavWWWRoot\Foto (Фото)\2026\04.08
2026-05-23 08:26:19,962 [INFO] sorter: Перемещён: IMG_20260408_133801_1.jpg  →  \\webdav.cloud.mail.ru@SSL\DavWWWRoot\Foto (Фото)\2026\04.08
2026-05-23 08:26:20,107 [INFO] sorter: Перемещён: IMG_20260408_133824_1.jpg  →  \\webdav.cloud.mail.ru@SSL\DavWWWRoot\Foto (Фото)\2026\04.08
2026-05-23 08:26:20,304 [INFO] sorter: Перемещён: IMG_20260408_133842_1.jpg  →  \\webdav.cloud.mail.ru@SSL\DavWWWRoot\Foto (Фото)\2026\04.08
2026-05-23 08:26:20,420 [INFO] sorter: Перемещён: IMG_20260408_153805.jpg  →  \\webdav.cloud.mail.ru@SSL\DavWWWRoot\Foto (Фото)\2026\04.08
2026-05-23 08:26:21,140 [INFO] sorter: Перемещён: IMG_20260410_234243_1.jpg  →  \\webdav.cloud.mail.ru@SSL\DavWWWRoot\Foto (Фото)\2026\04.10
2026-05-23 08:26:21,595 [INFO] sorter: Перемещён: IMG_20260411_110623.jpg  →  \\webdav.cloud.mail.ru@SSL\DavWWWRoot\Foto (Фото)\2026\04.11
2026-05-23 08:26:21,727 [INFO] sorter: Перемещён: IMG_20260411_111437.jpg  →  \\webdav.cloud.mail.ru@SSL\DavWWWRoot\Foto (Фото)\2026\04.11
2026-05-23 08:26:22,219 [INFO] sorter: Перемещён: IMG_20260412_184151.jpg  →  \\webdav.cloud.mail.ru@SSL\DavWWWRoot\Foto (Фото)\2026\04.12
2026-05-23 08:26:22,351 [INFO] sorter: Перемещён: IMG_20260412_184225.jpg  →  \\webdav.cloud.mail.ru@SSL\DavWWWRoot\Foto (Фото)\2026\04.12
2026-05-23 08:26:22,516 [INFO] sorter: Перемещён: IMG_20260412_184225_1.jpg  →  \\webdav.cloud.mail.ru@SSL\DavWWWRoot\Foto (Фото)\2026\04.12
2026-05-23 08:26:22,693 [INFO] sorter: Перемещён: IMG_20260412_184251.jpg  →  \\webdav.cloud.mail.ru@SSL\DavWWWRoot\Foto (Фото)\2026\04.12
2026-05-23 08:26:22,836 [INFO] sorter: Перемещён: IMG_20260412_184341.jpg  →  \\webdav.cloud.mail.ru@SSL\DavWWWRoot\Foto (Фото)\2026\04.12
2026-05-23 08:26:23,404 [INFO] sorter: Перемещён: IMG_20260414_071755_1.jpg  →  \\webdav.cloud.mail.ru@SSL\DavWWWRoot\Foto (Фото)\2026\04.14
2026-05-23 08:26:23,932 [INFO] sorter: Перемещён: IMG_20260415_130525.jpg  →  \\webdav.cloud.mail.ru@SSL\DavWWWRoot\Foto (Фото)\2026\04.15
2026-05-23 08:26:24,081 [INFO] sorter: Перемещён: IMG_20260415_130608.jpg  →  \\webdav.cloud.mail.ru@SSL\DavWWWRoot\Foto (Фото)\2026\04.15
2026-05-23 08:26:24,246 [INFO] sorter: Перемещён: IMG_20260415_130617.jpg  →  \\webdav.cloud.mail.ru@SSL\DavWWWRoot\Foto (Фото)\2026\04.15
2026-05-23 08:26:25,975 [INFO] sorter: Перемещён: IMG_20260416_134238.jpg  →  \\webdav.cloud.mail.ru@SSL\DavWWWRoot\Foto (Фото)\2026\04.16
2026-05-23 08:26:26,066 [INFO] sorter: Перемещён: IMG_20260416_134453.jpg  →  \\webdav.cloud.mail.ru@SSL\DavWWWRoot\Foto (Фото)\2026\04.16
2026-05-23 08:26:26,169 [INFO] sorter: Перемещён: IMG_20260416_140023.jpg  →  \\webdav.cloud.mail.ru@SSL\DavWWWRoot\Foto (Фото)\2026\04.16
2026-05-23 08:26:26,303 [INFO] sorter: Перемещён: IMG_20260416_140050.jpg  →  \\webdav.cloud.mail.ru@SSL\DavWWWRoot\Foto (Фото)\2026\04.16
2026-05-23 08:26:26,824 [INFO] sorter: Перемещён: IMG_20260417_210836_1.jpg  →  \\webdav.cloud.mail.ru@SSL\DavWWWRoot\Foto (Фото)\2026\04.17
2026-05-23 08:26:27,470 [INFO] sorter: Перемещён: IMG_20260418_110339.jpg  →  \\webdav.cloud.mail.ru@SSL\DavWWWRoot\Foto (Фото)\2026\04.18
2026-05-23 08:26:27,694 [INFO] sorter: Перемещён: IMG_20260418_112008.jpg  →  \\webdav.cloud.mail.ru@SSL\DavWWWRoot\Foto (Фото)\2026\04.18
2026-05-23 08:26:27,770 [INFO] sorter: Перемещён: IMG_20260418_112009.jpg  →  \\webdav.cloud.mail.ru@SSL\DavWWWRoot\Foto (Фото)\2026\04.18
2026-05-23 08:26:27,948 [INFO] sorter: Перемещён: IMG_20260418_112009_1.jpg  →  \\webdav.cloud.mail.ru@SSL\DavWWWRoot\Foto (Фото)\2026\04.18
2026-05-23 08:26:28,092 [INFO] sorter: Перемещён: IMG_20260418_112034.jpg  →  \\webdav.cloud.mail.ru@SSL\DavWWWRoot\Foto (Фото)\2026\04.18
2026-05-23 08:26:28,187 [INFO] sorter: Перемещён: IMG_20260418_135129_1.jpg  →  \\webdav.cloud.mail.ru@SSL\DavWWWRoot\Foto (Фото)\2026\04.18
2026-05-23 08:26:28,335 [INFO] sorter: Перемещён: IMG_20260418_141314.jpg  →  \\webdav.cloud.mail.ru@SSL\DavWWWRoot\Foto (Фото)\2026\04.18
2026-05-23 08:26:28,519 [INFO] sorter: Перемещён: IMG_20260418_141334.jpg  →  \\webdav.cloud.mail.ru@SSL\DavWWWRoot\Foto (Фото)\2026\04.18
2026-05-23 08:26:28,724 [INFO] sorter: Перемещён: IMG_20260418_174113.jpg  →  \\webdav.cloud.mail.ru@SSL\DavWWWRoot\Foto (Фото)\2026\04.18
2026-05-23 08:26:28,811 [INFO] sorter: Перемещён: IMG_20260418_174214.jpg  →  \\webdav.cloud.mail.ru@SSL\DavWWWRoot\Foto (Фото)\2026\04.18
2026-05-23 08:26:28,904 [INFO] sorter: Перемещён: IMG_20260418_174218.jpg  →  \\webdav.cloud.mail.ru@SSL\DavWWWRoot\Foto (Фото)\2026\04.18
2026-05-23 08:26:29,104 [INFO] sorter: Перемещён: IMG_20260418_175533.jpg  →  \\webdav.cloud.mail.ru@SSL\DavWWWRoot\Foto (Фото)\2026\04.18
2026-05-23 08:26:29,242 [INFO] sorter: Перемещён: IMG_20260418_175541.jpg  →  \\webdav.cloud.mail.ru@SSL\DavWWWRoot\Foto (Фото)\2026\04.18
2026-05-23 08:26:29,444 [INFO] sorter: Перемещён: IMG_20260418_175547.jpg  →  \\webdav.cloud.mail.ru@SSL\DavWWWRoot\Foto (Фото)\2026\04.18
2026-05-23 08:26:30,016 [INFO] sorter: Перемещён: IMG_20260420_131257.jpg  →  \\webdav.cloud.mail.ru@SSL\DavWWWRoot\Foto (Фото)\2026\04.20
2026-05-23 08:26:30,572 [INFO] sorter: Перемещён: IMG_20260421_064241_1.jpg  →  \\webdav.cloud.mail.ru@SSL\DavWWWRoot\Foto (Фото)\2026\04.21
2026-05-23 08:26:31,225 [INFO] sorter: Перемещён: IMG_20260425_131859.jpg  →  \\webdav.cloud.mail.ru@SSL\DavWWWRoot\Foto (Фото)\2026\04.25
2026-05-23 08:26:31,371 [INFO] sorter: Перемещён: IMG_20260425_131910.jpg  →  \\webdav.cloud.mail.ru@SSL\DavWWWRoot\Foto (Фото)\2026\04.25
2026-05-23 08:26:31,518 [INFO] sorter: Перемещён: IMG_20260425_132033.jpg  →  \\webdav.cloud.mail.ru@SSL\DavWWWRoot\Foto (Фото)\2026\04.25
2026-05-23 08:26:31,645 [INFO] sorter: Перемещён: IMG_20260425_132050.jpg  →  \\webdav.cloud.mail.ru@SSL\DavWWWRoot\Foto (Фото)\2026\04.25
2026-05-23 08:26:31,789 [INFO] sorter: Перемещён: IMG_20260425_132132.jpg  →  \\webdav.cloud.mail.ru@SSL\DavWWWRoot\Foto (Фото)\2026\04.25
2026-05-23 08:26:32,384 [INFO] sorter: Перемещён: IMG_20260428_071816.jpg  →  \\webdav.cloud.mail.ru@SSL\DavWWWRoot\Foto (Фото)\2026\04.28
2026-05-23 08:26:32,948 [INFO] sorter: Перемещён: IMG_20260430_201958.jpg  →  \\webdav.cloud.mail.ru@SSL\DavWWWRoot\Foto (Фото)\2026\04.30
2026-05-23 08:26:33,094 [INFO] sorter: Перемещён: IMG_20260430_202032.jpg  →  \\webdav.cloud.mail.ru@SSL\DavWWWRoot\Foto (Фото)\2026\04.30
2026-05-23 08:26:33,614 [INFO] sorter: Перемещён: IMG_20260503_210659_1.jpg  →  \\webdav.cloud.mail.ru@SSL\DavWWWRoot\Foto (Фото)\2026\05.03
2026-05-23 08:26:34,067 [INFO] sorter: Перемещён: IMG_20260504_131434.jpg  →  \\webdav.cloud.mail.ru@SSL\DavWWWRoot\Foto (Фото)\2026\05.04
2026-05-23 08:26:34,222 [INFO] sorter: Перемещён: IMG_20260504_131443.jpg  →  \\webdav.cloud.mail.ru@SSL\DavWWWRoot\Foto (Фото)\2026\05.04
2026-05-23 08:26:34,382 [INFO] sorter: Перемещён: IMG_20260504_131544.jpg  →  \\webdav.cloud.mail.ru@SSL\DavWWWRoot\Foto (Фото)\2026\05.04
2026-05-23 08:26:34,524 [INFO] sorter: Перемещён: IMG_20260504_131601.jpg  →  \\webdav.cloud.mail.ru@SSL\DavWWWRoot\Foto (Фото)\2026\05.04
2026-05-23 08:26:34,652 [INFO] sorter: Перемещён: IMG_20260504_144907.jpg  →  \\webdav.cloud.mail.ru@SSL\DavWWWRoot\Foto (Фото)\2026\05.04
2026-05-23 08:26:35,228 [INFO] sorter: Перемещён: IMG_20260505_072945.jpg  →  \\webdav.cloud.mail.ru@SSL\DavWWWRoot\Foto (Фото)\2026\05.05
2026-05-23 08:26:35,368 [INFO] sorter: Перемещён: IMG_20260505_072954.jpg  →  \\webdav.cloud.mail.ru@SSL\DavWWWRoot\Foto (Фото)\2026\05.05
2026-05-23 08:26:35,594 [INFO] sorter: Перемещён: IMG_20260505_073008.jpg  →  \\webdav.cloud.mail.ru@SSL\DavWWWRoot\Foto (Фото)\2026\05.05
2026-05-23 08:26:36,220 [INFO] sorter: Перемещён: IMG_20260506_124327.jpg  →  \\webdav.cloud.mail.ru@SSL\DavWWWRoot\Foto (Фото)\2026\05.06
2026-05-23 08:26:36,384 [INFO] sorter: Перемещён: IMG_20260506_130258.jpg  →  \\webdav.cloud.mail.ru@SSL\DavWWWRoot\Foto (Фото)\2026\05.06
2026-05-23 08:26:36,522 [INFO] sorter: Перемещён: IMG_20260506_171831.jpg  →  \\webdav.cloud.mail.ru@SSL\DavWWWRoot\Foto (Фото)\2026\05.06
2026-05-23 08:26:36,669 [INFO] sorter: Перемещён: IMG_20260506_194630.jpg  →  \\webdav.cloud.mail.ru@SSL\DavWWWRoot\Foto (Фото)\2026\05.06
2026-05-23 08:26:37,184 [INFO] sorter: Перемещён: IMG_20260507_090020_1.jpg  →  \\webdav.cloud.mail.ru@SSL\DavWWWRoot\Foto (Фото)\2026\05.07
2026-05-23 08:26:37,309 [INFO] sorter: Перемещён: IMG_20260507_113758.jpg  →  \\webdav.cloud.mail.ru@SSL\DavWWWRoot\Foto (Фото)\2026\05.07
2026-05-23 08:26:37,421 [INFO] sorter: Перемещён: IMG_20260507_113804.jpg  →  \\webdav.cloud.mail.ru@SSL\DavWWWRoot\Foto (Фото)\2026\05.07
2026-05-23 08:26:37,599 [INFO] sorter: Перемещён: IMG_20260507_113838.jpg  →  \\webdav.cloud.mail.ru@SSL\DavWWWRoot\Foto (Фото)\2026\05.07
2026-05-23 08:26:38,115 [INFO] sorter: Перемещён: IMG_20260517_122247.jpg  →  \\webdav.cloud.mail.ru@SSL\DavWWWRoot\Foto (Фото)\2026\05.17
2026-05-23 08:26:38,296 [INFO] sorter: Перемещён: IMG_20260517_122253.jpg  →  \\webdav.cloud.mail.ru@SSL\DavWWWRoot\Foto (Фото)\2026\05.17
2026-05-23 08:26:38,397 [INFO] sorter: Перемещён: IMG_20260517_122324.jpg  →  \\webdav.cloud.mail.ru@SSL\DavWWWRoot\Foto (Фото)\2026\05.17
2026-05-23 08:26:38,581 [INFO] sorter: Перемещён: IMG_20260517_122825.jpg  →  \\webdav.cloud.mail.ru@SSL\DavWWWRoot\Foto (Фото)\2026\05.17
2026-05-23 08:26:38,837 [INFO] sorter: Перемещён: IMG_20260517_122845.jpg  →  \\webdav.cloud.mail.ru@SSL\DavWWWRoot\Foto (Фото)\2026\05.17
2026-05-23 08:26:39,005 [INFO] sorter: Перемещён: IMG_20260517_122927.jpg  →  \\webdav.cloud.mail.ru@SSL\DavWWWRoot\Foto (Фото)\2026\05.17
2026-05-23 08:26:39,152 [INFO] sorter: Перемещён: IMG_20260517_122956.jpg  →  \\webdav.cloud.mail.ru@SSL\DavWWWRoot\Foto (Фото)\2026\05.17
2026-05-23 08:26:39,352 [INFO] sorter: Перемещён: IMG_20260517_123019.jpg  →  \\webdav.cloud.mail.ru@SSL\DavWWWRoot\Foto (Фото)\2026\05.17
2026-05-23 08:26:39,790 [INFO] sorter: Перемещён: IMG_20260518_131852.jpg  →  \\webdav.cloud.mail.ru@SSL\DavWWWRoot\Foto (Фото)\2026\05.18
2026-05-23 08:26:39,892 [INFO] sorter: Перемещён: IMG_20260518_131857.jpg  →  \\webdav.cloud.mail.ru@SSL\DavWWWRoot\Foto (Фото)\2026\05.18
2026-05-23 08:26:40,037 [INFO] sorter: Перемещён: IMG_20260518_131903.jpg  →  \\webdav.cloud.mail.ru@SSL\DavWWWRoot\Foto (Фото)\2026\05.18
2026-05-23 08:26:40,231 [INFO] sorter: Перемещён: IMG_20260518_131921.jpg  →  \\webdav.cloud.mail.ru@SSL\DavWWWRoot\Foto (Фото)\2026\05.18
2026-05-23 08:26:40,423 [INFO] sorter: Перемещён: IMG_20260518_132924.jpg  →  \\webdav.cloud.mail.ru@SSL\DavWWWRoot\Foto (Фото)\2026\05.18
2026-05-23 08:26:40,648 [INFO] sorter: Перемещён: IMG_20260518_210157.jpg  →  \\webdav.cloud.mail.ru@SSL\DavWWWRoot\Foto (Фото)\2026\05.18
2026-05-23 08:26:41,208 [INFO] sorter: Перемещён: IMG_20260520_132130.jpg  →  \\webdav.cloud.mail.ru@SSL\DavWWWRoot\Foto (Фото)\2026\05.20
2026-05-23 08:26:41,750 [INFO] sorter: Перемещён: IMG_20260521_080601.jpg  →  \\webdav.cloud.mail.ru@SSL\DavWWWRoot\Foto (Фото)\2026\05.21
2026-05-23 08:26:41,883 [INFO] sorter: Перемещён: IMG_20260521_080803.jpg  →  \\webdav.cloud.mail.ru@SSL\DavWWWRoot\Foto (Фото)\2026\05.21
2026-05-23 08:26:42,023 [INFO] sorter: Перемещён: IMG_20260521_131125.jpg  →  \\webdav.cloud.mail.ru@SSL\DavWWWRoot\Foto (Фото)\2026\05.21
2026-05-23 08:26:42,140 [INFO] sorter: Перемещён: IMG_20260521_131241.jpg  →  \\webdav.cloud.mail.ru@SSL\DavWWWRoot\Foto (Фото)\2026\05.21
2026-05-23 08:26:42,284 [INFO] sorter: Перемещён: IMG_20260521_131250.jpg  →  \\webdav.cloud.mail.ru@SSL\DavWWWRoot\Foto (Фото)\2026\05.21
2026-05-23 08:26:42,460 [INFO] sorter: Перемещён: IMG_20260521_131312.jpg  →  \\webdav.cloud.mail.ru@SSL\DavWWWRoot\Foto (Фото)\2026\05.21
2026-05-23 08:26:42,595 [INFO] sorter: Перемещён: IMG_20260521_131403.jpg  →  \\webdav.cloud.mail.ru@SSL\DavWWWRoot\Foto (Фото)\2026\05.21
2026-05-23 08:26:43,128 [INFO] sorter: Перемещён: IMG_20260522_071233 (1).jpg  →  \\webdav.cloud.mail.ru@SSL\DavWWWRoot\Foto (Фото)\2026\05.22
2026-05-23 08:26:43,265 [INFO] sorter: Перемещён: IMG_20260522_071233.jpg  →  \\webdav.cloud.mail.ru@SSL\DavWWWRoot\Foto (Фото)\2026\05.22
2026-05-23 08:26:43,435 [INFO] sorter: Перемещён: Screenshot_20260320-11-43-55-973-edit_ru.oneme.app.jpg  →  \\webdav.cloud.mail.ru@SSL\DavWWWRoot\Foto (Фото)\2026\03.20
2026-05-23 08:26:43,810 [INFO] sorter: Перемещён: video_20260214_105617.mp4  →  \\webdav.cloud.mail.ru@SSL\DavWWWRoot\Foto (Фото)\2026\02.14
2026-05-23 08:26:44,246 [INFO] sorter: Перемещён: video_20260217_183928.mp4  →  \\webdav.cloud.mail.ru@SSL\DavWWWRoot\Foto (Фото)\2026\02.17
2026-05-23 08:26:44,738 [INFO] sorter: Перемещён: video_20260302_143133.mp4  →  \\webdav.cloud.mail.ru@SSL\DavWWWRoot\Foto (Фото)\2026\03.02
2026-05-23 08:26:45,026 [INFO] sorter: Перемещён: video_20260302_213445.mp4  →  \\webdav.cloud.mail.ru@SSL\DavWWWRoot\Foto (Фото)\2026\03.02
2026-05-23 08:26:45,494 [INFO] sorter: Перемещён: video_20260306_080525.mp4  →  \\webdav.cloud.mail.ru@SSL\DavWWWRoot\Foto (Фото)\2026\03.06
2026-05-23 08:26:45,645 [INFO] sorter: Перемещён: video_20260306_081003.mp4  →  \\webdav.cloud.mail.ru@SSL\DavWWWRoot\Foto (Фото)\2026\03.06
2026-05-23 08:26:45,769 [INFO] sorter: Перемещён: video_20260306_081805.mp4  →  \\webdav.cloud.mail.ru@SSL\DavWWWRoot\Foto (Фото)\2026\03.06
2026-05-23 08:26:45,973 [INFO] sorter: Перемещён: video_20260306_082451.mp4  →  \\webdav.cloud.mail.ru@SSL\DavWWWRoot\Foto (Фото)\2026\03.06
2026-05-23 08:26:46,396 [INFO] sorter: Перемещён: video_20260307_190440.mp4  →  \\webdav.cloud.mail.ru@SSL\DavWWWRoot\Foto (Фото)\2026\03.07
2026-05-23 08:26:46,582 [INFO] sorter: Перемещён: video_20260313_130853.mp4  →  \\webdav.cloud.mail.ru@SSL\DavWWWRoot\Foto (Фото)\2026\03.13
2026-05-23 08:26:46,701 [INFO] sorter: Перемещён: video_20260322_141743.mp4  →  \\webdav.cloud.mail.ru@SSL\DavWWWRoot\Foto (Фото)\2026\03.22
2026-05-23 08:26:46,850 [INFO] sorter: Перемещён: video_20260329_132734.mp4  →  \\webdav.cloud.mail.ru@SSL\DavWWWRoot\Foto (Фото)\2026\03.29
2026-05-23 08:26:46,984 [INFO] sorter: Перемещён: video_20260404_140518.mp4  →  \\webdav.cloud.mail.ru@SSL\DavWWWRoot\Foto (Фото)\2026\04.04
2026-05-23 08:26:47,116 [INFO] sorter: Перемещён: video_20260404_143643.mp4  →  \\webdav.cloud.mail.ru@SSL\DavWWWRoot\Foto (Фото)\2026\04.04
2026-05-23 08:26:47,241 [INFO] sorter: Перемещён: video_20260404_150506.mp4  →  \\webdav.cloud.mail.ru@SSL\DavWWWRoot\Foto (Фото)\2026\04.04
2026-05-23 08:26:47,245 [WARNING] sorter: Не удалось извлечь дату из имени: Выступление в школе, спектакль про Федота.jpg
2026-05-23 08:26:47,248 [INFO] sorter: Готово. Перемещено: 203  Пропущено: 1  Ошибок: 0
2026-05-23 08:26:47,249 [INFO] stage1: Результат этапа 1: {'moved': 203, 'skipped': 1, 'errors': 0}
2026-05-23 08:26:47,250 [INFO] main: Pipeline завершён. Код выхода: 0
2026-06-24 23:03:18,705 [INFO] main: photo_allocate pipeline запущен  |  dry-run=False  |  stage=1
2026-06-24 23:03:18,736 [INFO] stage1: === Этап 1: сортировка файлов ===
2026-06-24 23:03:19,156 [INFO] sorter: Источник : \\webdav.cloud.mail.ru@SSL\DavWWWRoot\Camera Uploads
2026-06-24 23:03:19,157 [INFO] sorter: Архив    : \\webdav.cloud.mail.ru@SSL\DavWWWRoot\Foto (Фото)
2026-06-24 23:03:19,157 [INFO] sorter: Dry-run  : False
2026-06-24 23:03:20,134 [INFO] sorter: Перемещён: IMG_20260524_175349.jpg  →  \\webdav.cloud.mail.ru@SSL\DavWWWRoot\Foto (Фото)\2026\05.24
2026-06-24 23:03:20,621 [INFO] sorter: Перемещён: IMG_20260525_122547.jpg  →  \\webdav.cloud.mail.ru@SSL\DavWWWRoot\Foto (Фото)\2026\05.25
2026-06-24 23:03:20,767 [INFO] sorter: Перемещён: IMG_20260525_130433.jpg  →  \\webdav.cloud.mail.ru@SSL\DavWWWRoot\Foto (Фото)\2026\05.25
2026-06-24 23:03:20,886 [INFO] sorter: Перемещён: IMG_20260525_130437.jpg  →  \\webdav.cloud.mail.ru@SSL\DavWWWRoot\Foto (Фото)\2026\05.25
2026-06-24 23:03:21,050 [INFO] sorter: Перемещён: IMG_20260525_130922.jpg  →  \\webdav.cloud.mail.ru@SSL\DavWWWRoot\Foto (Фото)\2026\05.25
2026-06-24 23:03:21,185 [INFO] sorter: Перемещён: IMG_20260525_130923.jpg  →  \\webdav.cloud.mail.ru@SSL\DavWWWRoot\Foto (Фото)\2026\05.25
2026-06-24 23:03:21,366 [INFO] sorter: Перемещён: IMG_20260525_130925.jpg  →  \\webdav.cloud.mail.ru@SSL\DavWWWRoot\Foto (Фото)\2026\05.25
2026-06-24 23:03:21,527 [INFO] sorter: Перемещён: IMG_20260525_130926.jpg  →  \\webdav.cloud.mail.ru@SSL\DavWWWRoot\Foto (Фото)\2026\05.25
2026-06-24 23:03:21,669 [INFO] sorter: Перемещён: IMG_20260525_130928.jpg  →  \\webdav.cloud.mail.ru@SSL\DavWWWRoot\Foto (Фото)\2026\05.25
2026-06-24 23:03:21,789 [INFO] sorter: Перемещён: IMG_20260525_130937.jpg  →  \\webdav.cloud.mail.ru@SSL\DavWWWRoot\Foto (Фото)\2026\05.25
2026-06-24 23:03:22,260 [INFO] sorter: Перемещён: IMG_20260526_173441.jpg  →  \\webdav.cloud.mail.ru@SSL\DavWWWRoot\Foto (Фото)\2026\05.26
2026-06-24 23:03:22,401 [INFO] sorter: Перемещён: IMG_20260526_173532.jpg  →  \\webdav.cloud.mail.ru@SSL\DavWWWRoot\Foto (Фото)\2026\05.26
2026-06-24 23:03:22,519 [INFO] sorter: Перемещён: IMG_20260526_173537.jpg  →  \\webdav.cloud.mail.ru@SSL\DavWWWRoot\Foto (Фото)\2026\05.26
2026-06-24 23:03:22,678 [INFO] sorter: Перемещён: IMG_20260526_173712.jpg  →  \\webdav.cloud.mail.ru@SSL\DavWWWRoot\Foto (Фото)\2026\05.26
2026-06-24 23:03:22,878 [INFO] sorter: Перемещён: IMG_20260526_174856.jpg  →  \\webdav.cloud.mail.ru@SSL\DavWWWRoot\Foto (Фото)\2026\05.26
2026-06-24 23:03:23,005 [INFO] sorter: Перемещён: IMG_20260526_181027.jpg  →  \\webdav.cloud.mail.ru@SSL\DavWWWRoot\Foto (Фото)\2026\05.26
2026-06-24 23:03:23,214 [INFO] sorter: Перемещён: IMG_20260526_181031.jpg  →  \\webdav.cloud.mail.ru@SSL\DavWWWRoot\Foto (Фото)\2026\05.26
2026-06-24 23:03:23,313 [INFO] sorter: Перемещён: IMG_20260526_182422.jpg  →  \\webdav.cloud.mail.ru@SSL\DavWWWRoot\Foto (Фото)\2026\05.26
2026-06-24 23:03:23,451 [INFO] sorter: Перемещён: IMG_20260526_182435.jpg  →  \\webdav.cloud.mail.ru@SSL\DavWWWRoot\Foto (Фото)\2026\05.26
2026-06-24 23:03:23,590 [INFO] sorter: Перемещён: IMG_20260526_184524.jpg  →  \\webdav.cloud.mail.ru@SSL\DavWWWRoot\Foto (Фото)\2026\05.26
2026-06-24 23:03:24,534 [INFO] sorter: Перемещён: IMG_20260528_191658.jpg  →  \\webdav.cloud.mail.ru@SSL\DavWWWRoot\Foto (Фото)\2026\05.28
2026-06-24 23:03:24,951 [INFO] sorter: Перемещён: IMG_20260528_200421.jpg  →  \\webdav.cloud.mail.ru@SSL\DavWWWRoot\Foto (Фото)\2026\05.28
2026-06-24 23:03:25,787 [INFO] sorter: Перемещён: IMG_20260528_200434.jpg  →  \\webdav.cloud.mail.ru@SSL\DavWWWRoot\Foto (Фото)\2026\05.28
2026-06-24 23:03:26,357 [INFO] sorter: Перемещён: IMG_20260530_182148.jpg  →  \\webdav.cloud.mail.ru@SSL\DavWWWRoot\Foto (Фото)\2026\05.30
2026-06-24 23:03:26,993 [INFO] sorter: Перемещён: IMG_20260530_182151.jpg  →  \\webdav.cloud.mail.ru@SSL\DavWWWRoot\Foto (Фото)\2026\05.30
2026-06-24 23:03:27,148 [INFO] sorter: Перемещён: IMG_20260530_182227.jpg  →  \\webdav.cloud.mail.ru@SSL\DavWWWRoot\Foto (Фото)\2026\05.30
2026-06-24 23:03:27,437 [INFO] sorter: Перемещён: IMG_20260530_182236.jpg  →  \\webdav.cloud.mail.ru@SSL\DavWWWRoot\Foto (Фото)\2026\05.30
2026-06-24 23:03:27,592 [INFO] sorter: Перемещён: IMG_20260530_182707.jpg  →  \\webdav.cloud.mail.ru@SSL\DavWWWRoot\Foto (Фото)\2026\05.30
2026-06-24 23:03:27,777 [INFO] sorter: Перемещён: IMG_20260530_182711.jpg  →  \\webdav.cloud.mail.ru@SSL\DavWWWRoot\Foto (Фото)\2026\05.30
2026-06-24 23:03:27,947 [INFO] sorter: Перемещён: IMG_20260530_182714.jpg  →  \\webdav.cloud.mail.ru@SSL\DavWWWRoot\Foto (Фото)\2026\05.30
2026-06-24 23:03:28,491 [INFO] sorter: Перемещён: IMG_20260530_192102.jpg  →  \\webdav.cloud.mail.ru@SSL\DavWWWRoot\Foto (Фото)\2026\05.30
2026-06-24 23:03:29,017 [INFO] sorter: Перемещён: IMG_20260601_091638_1.jpg  →  \\webdav.cloud.mail.ru@SSL\DavWWWRoot\Foto (Фото)\2026\06.01
2026-06-24 23:03:29,131 [INFO] sorter: Перемещён: IMG_20260601_202946_PANO.jpg  →  \\webdav.cloud.mail.ru@SSL\DavWWWRoot\Foto (Фото)\2026\06.01
2026-06-24 23:03:29,658 [INFO] sorter: Перемещён: IMG_20260602_132146.jpg  →  \\webdav.cloud.mail.ru@SSL\DavWWWRoot\Foto (Фото)\2026\06.02
2026-06-24 23:03:29,794 [INFO] sorter: Перемещён: IMG_20260602_132211.jpg  →  \\webdav.cloud.mail.ru@SSL\DavWWWRoot\Foto (Фото)\2026\06.02
2026-06-24 23:03:30,013 [INFO] sorter: Перемещён: IMG_20260602_132456.jpg  →  \\webdav.cloud.mail.ru@SSL\DavWWWRoot\Foto (Фото)\2026\06.02
2026-06-24 23:03:30,142 [INFO] sorter: Перемещён: IMG_20260602_132705.jpg  →  \\webdav.cloud.mail.ru@SSL\DavWWWRoot\Foto (Фото)\2026\06.02
2026-06-24 23:03:30,261 [INFO] sorter: Перемещён: IMG_20260602_181129.jpg  →  \\webdav.cloud.mail.ru@SSL\DavWWWRoot\Foto (Фото)\2026\06.02
2026-06-24 23:03:30,876 [INFO] sorter: Перемещён: IMG_20260603_132245.jpg  →  \\webdav.cloud.mail.ru@SSL\DavWWWRoot\Foto (Фото)\2026\06.03
2026-06-24 23:03:31,004 [INFO] sorter: Перемещён: IMG_20260603_132342.jpg  →  \\webdav.cloud.mail.ru@SSL\DavWWWRoot\Foto (Фото)\2026\06.03
2026-06-24 23:03:31,345 [INFO] sorter: Перемещён: IMG_20260603_132357.jpg  →  \\webdav.cloud.mail.ru@SSL\DavWWWRoot\Foto (Фото)\2026\06.03
2026-06-24 23:03:31,506 [INFO] sorter: Перемещён: IMG_20260603_132407.jpg  →  \\webdav.cloud.mail.ru@SSL\DavWWWRoot\Foto (Фото)\2026\06.03
2026-06-24 23:03:31,711 [INFO] sorter: Перемещён: IMG_20260603_132931.jpg  →  \\webdav.cloud.mail.ru@SSL\DavWWWRoot\Foto (Фото)\2026\06.03
2026-06-24 23:03:31,867 [INFO] sorter: Перемещён: IMG_20260603_132947.jpg  →  \\webdav.cloud.mail.ru@SSL\DavWWWRoot\Foto (Фото)\2026\06.03
2026-06-24 23:03:32,397 [INFO] sorter: Перемещён: IMG_20260603_132957.jpg  →  \\webdav.cloud.mail.ru@SSL\DavWWWRoot\Foto (Фото)\2026\06.03
2026-06-24 23:03:32,595 [INFO] sorter: Перемещён: IMG_20260603_133051.jpg  →  \\webdav.cloud.mail.ru@SSL\DavWWWRoot\Foto (Фото)\2026\06.03
2026-06-24 23:03:32,736 [INFO] sorter: Перемещён: IMG_20260603_133455.jpg  →  \\webdav.cloud.mail.ru@SSL\DavWWWRoot\Foto (Фото)\2026\06.03
2026-06-24 23:03:32,907 [INFO] sorter: Перемещён: IMG_20260603_133557.jpg  →  \\webdav.cloud.mail.ru@SSL\DavWWWRoot\Foto (Фото)\2026\06.03
2026-06-24 23:03:33,536 [INFO] sorter: Перемещён: IMG_20260604_130912.jpg  →  \\webdav.cloud.mail.ru@SSL\DavWWWRoot\Foto (Фото)\2026\06.04
2026-06-24 23:03:33,657 [INFO] sorter: Перемещён: IMG_20260604_132832.jpg  →  \\webdav.cloud.mail.ru@SSL\DavWWWRoot\Foto (Фото)\2026\06.04
2026-06-24 23:03:33,787 [INFO] sorter: Перемещён: IMG_20260604_132844.jpg  →  \\webdav.cloud.mail.ru@SSL\DavWWWRoot\Foto (Фото)\2026\06.04
2026-06-24 23:03:33,881 [INFO] sorter: Перемещён: IMG_20260604_220337.jpg  →  \\webdav.cloud.mail.ru@SSL\DavWWWRoot\Foto (Фото)\2026\06.04
2026-06-24 23:03:34,012 [INFO] sorter: Перемещён: IMG_20260604_220412.jpg  →  \\webdav.cloud.mail.ru@SSL\DavWWWRoot\Foto (Фото)\2026\06.04
2026-06-24 23:03:34,151 [INFO] sorter: Перемещён: IMG_20260604_220608.jpg  →  \\webdav.cloud.mail.ru@SSL\DavWWWRoot\Foto (Фото)\2026\06.04
2026-06-24 23:03:34,392 [INFO] sorter: Перемещён: IMG_20260604_220643.jpg  →  \\webdav.cloud.mail.ru@SSL\DavWWWRoot\Foto (Фото)\2026\06.04
2026-06-24 23:03:34,922 [INFO] sorter: Перемещён: IMG_20260605_155644.jpg  →  \\webdav.cloud.mail.ru@SSL\DavWWWRoot\Foto (Фото)\2026\06.05
2026-06-24 23:03:35,496 [INFO] sorter: Перемещён: IMG_20260608_130239.jpg  →  \\webdav.cloud.mail.ru@SSL\DavWWWRoot\Foto (Фото)\2026\06.08
2026-06-24 23:03:35,657 [INFO] sorter: Перемещён: IMG_20260608_130320.jpg  →  \\webdav.cloud.mail.ru@SSL\DavWWWRoot\Foto (Фото)\2026\06.08
2026-06-24 23:03:36,201 [INFO] sorter: Перемещён: IMG_20260609_130205.jpg  →  \\webdav.cloud.mail.ru@SSL\DavWWWRoot\Foto (Фото)\2026\06.09
2026-06-24 23:03:36,325 [INFO] sorter: Перемещён: IMG_20260609_130256.jpg  →  \\webdav.cloud.mail.ru@SSL\DavWWWRoot\Foto (Фото)\2026\06.09
2026-06-24 23:03:36,529 [INFO] sorter: Перемещён: IMG_20260609_131109.jpg  →  \\webdav.cloud.mail.ru@SSL\DavWWWRoot\Foto (Фото)\2026\06.09
2026-06-24 23:03:36,744 [INFO] sorter: Перемещён: IMG_20260609_131129.jpg  →  \\webdav.cloud.mail.ru@SSL\DavWWWRoot\Foto (Фото)\2026\06.09
2026-06-24 23:03:36,892 [INFO] sorter: Перемещён: IMG_20260609_132949.jpg  →  \\webdav.cloud.mail.ru@SSL\DavWWWRoot\Foto (Фото)\2026\06.09
2026-06-24 23:03:37,047 [INFO] sorter: Перемещён: IMG_20260609_133003.jpg  →  \\webdav.cloud.mail.ru@SSL\DavWWWRoot\Foto (Фото)\2026\06.09
2026-06-24 23:03:37,287 [INFO] sorter: Перемещён: IMG_20260609_133021.jpg  →  \\webdav.cloud.mail.ru@SSL\DavWWWRoot\Foto (Фото)\2026\06.09
2026-06-24 23:03:37,582 [INFO] sorter: Перемещён: IMG_20260609_203541_1.jpg  →  \\webdav.cloud.mail.ru@SSL\DavWWWRoot\Foto (Фото)\2026\06.09
2026-06-24 23:03:38,942 [INFO] sorter: Перемещён: IMG_20260610_131120.jpg  →  \\webdav.cloud.mail.ru@SSL\DavWWWRoot\Foto (Фото)\2026\06.10
2026-06-24 23:03:39,229 [INFO] sorter: Перемещён: IMG_20260610_144856.jpg  →  \\webdav.cloud.mail.ru@SSL\DavWWWRoot\Foto (Фото)\2026\06.10
2026-06-24 23:03:40,600 [INFO] sorter: Перемещён: IMG_20260612_110308.jpg  →  \\webdav.cloud.mail.ru@SSL\DavWWWRoot\Foto (Фото)\2026\06.12
2026-06-24 23:03:40,798 [INFO] sorter: Перемещён: IMG_20260612_151114.jpg  →  \\webdav.cloud.mail.ru@SSL\DavWWWRoot\Foto (Фото)\2026\06.12
2026-06-24 23:03:40,930 [INFO] sorter: Перемещён: IMG_20260612_151120.jpg  →  \\webdav.cloud.mail.ru@SSL\DavWWWRoot\Foto (Фото)\2026\06.12
2026-06-24 23:03:41,083 [INFO] sorter: Перемещён: IMG_20260612_151123.jpg  →  \\webdav.cloud.mail.ru@SSL\DavWWWRoot\Foto (Фото)\2026\06.12
2026-06-24 23:03:41,219 [INFO] sorter: Перемещён: IMG_20260612_151125.jpg  →  \\webdav.cloud.mail.ru@SSL\DavWWWRoot\Foto (Фото)\2026\06.12
2026-06-24 23:03:41,914 [INFO] sorter: Перемещён: IMG_20260612_155617.jpg  →  \\webdav.cloud.mail.ru@SSL\DavWWWRoot\Foto (Фото)\2026\06.12
2026-06-24 23:03:42,122 [INFO] sorter: Перемещён: IMG_20260612_155627.jpg  →  \\webdav.cloud.mail.ru@SSL\DavWWWRoot\Foto (Фото)\2026\06.12
2026-06-24 23:03:42,266 [INFO] sorter: Перемещён: IMG_20260612_174412.jpg  →  \\webdav.cloud.mail.ru@SSL\DavWWWRoot\Foto (Фото)\2026\06.12
2026-06-24 23:03:43,141 [INFO] sorter: Перемещён: IMG_20260613_200412.jpg  →  \\webdav.cloud.mail.ru@SSL\DavWWWRoot\Foto (Фото)\2026\06.13
2026-06-24 23:03:43,259 [INFO] sorter: Перемещён: IMG_20260613_200417.jpg  →  \\webdav.cloud.mail.ru@SSL\DavWWWRoot\Foto (Фото)\2026\06.13
2026-06-24 23:03:43,477 [INFO] sorter: Перемещён: IMG_20260613_200430.jpg  →  \\webdav.cloud.mail.ru@SSL\DavWWWRoot\Foto (Фото)\2026\06.13
2026-06-24 23:03:43,604 [INFO] sorter: Перемещён: IMG_20260613_200440.jpg  →  \\webdav.cloud.mail.ru@SSL\DavWWWRoot\Foto (Фото)\2026\06.13
2026-06-24 23:03:43,730 [INFO] sorter: Перемещён: IMG_20260613_200517.jpg  →  \\webdav.cloud.mail.ru@SSL\DavWWWRoot\Foto (Фото)\2026\06.13
2026-06-24 23:03:43,847 [INFO] sorter: Перемещён: IMG_20260613_200815.jpg  →  \\webdav.cloud.mail.ru@SSL\DavWWWRoot\Foto (Фото)\2026\06.13
2026-06-24 23:03:43,930 [INFO] sorter: Перемещён: IMG_20260613_200831.jpg  →  \\webdav.cloud.mail.ru@SSL\DavWWWRoot\Foto (Фото)\2026\06.13
2026-06-24 23:03:44,291 [INFO] sorter: Перемещён: IMG_20260613_200835.jpg  →  \\webdav.cloud.mail.ru@SSL\DavWWWRoot\Foto (Фото)\2026\06.13
2026-06-24 23:03:44,954 [INFO] sorter: Перемещён: IMG_20260614_195549_1.jpg  →  \\webdav.cloud.mail.ru@SSL\DavWWWRoot\Foto (Фото)\2026\06.14
2026-06-24 23:03:46,234 [INFO] sorter: Перемещён: IMG_20260615_192711.jpg  →  \\webdav.cloud.mail.ru@SSL\DavWWWRoot\Foto (Фото)\2026\06.15
2026-06-24 23:03:46,434 [INFO] sorter: Перемещён: IMG_20260615_192902.jpg  →  \\webdav.cloud.mail.ru@SSL\DavWWWRoot\Foto (Фото)\2026\06.15
2026-06-24 23:03:46,571 [INFO] sorter: Перемещён: IMG_20260615_192927.jpg  →  \\webdav.cloud.mail.ru@SSL\DavWWWRoot\Foto (Фото)\2026\06.15
2026-06-24 23:03:46,653 [INFO] sorter: Перемещён: IMG_20260615_193032.jpg  →  \\webdav.cloud.mail.ru@SSL\DavWWWRoot\Foto (Фото)\2026\06.15
2026-06-24 23:03:47,538 [INFO] sorter: Перемещён: IMG_20260616_110401.jpg  →  \\webdav.cloud.mail.ru@SSL\DavWWWRoot\Foto (Фото)\2026\06.16
2026-06-24 23:03:47,658 [INFO] sorter: Перемещён: IMG_20260616_152539.jpg  →  \\webdav.cloud.mail.ru@SSL\DavWWWRoot\Foto (Фото)\2026\06.16
2026-06-24 23:04:02,077 [INFO] sorter: Перемещён: IMG_20260617_170124.jpg  →  \\webdav.cloud.mail.ru@SSL\DavWWWRoot\Foto (Фото)\2026\06.17
2026-06-24 23:04:02,193 [INFO] sorter: Перемещён: IMG_20260617_170723.jpg  →  \\webdav.cloud.mail.ru@SSL\DavWWWRoot\Foto (Фото)\2026\06.17
2026-06-24 23:04:02,316 [INFO] sorter: Перемещён: IMG_20260617_170726.jpg  →  \\webdav.cloud.mail.ru@SSL\DavWWWRoot\Foto (Фото)\2026\06.17
2026-06-24 23:04:02,451 [INFO] sorter: Перемещён: IMG_20260617_220530.jpg  →  \\webdav.cloud.mail.ru@SSL\DavWWWRoot\Foto (Фото)\2026\06.17
2026-06-24 23:04:02,580 [INFO] sorter: Перемещён: IMG_20260617_220624.jpg  →  \\webdav.cloud.mail.ru@SSL\DavWWWRoot\Foto (Фото)\2026\06.17
2026-06-24 23:04:03,001 [INFO] sorter: Перемещён: IMG_20260617_220719.jpg  →  \\webdav.cloud.mail.ru@SSL\DavWWWRoot\Foto (Фото)\2026\06.17
2026-06-24 23:04:03,129 [INFO] sorter: Перемещён: IMG_20260617_220815.jpg  →  \\webdav.cloud.mail.ru@SSL\DavWWWRoot\Foto (Фото)\2026\06.17
2026-06-24 23:04:03,778 [INFO] sorter: Перемещён: IMG_20260617_220820.jpg  →  \\webdav.cloud.mail.ru@SSL\DavWWWRoot\Foto (Фото)\2026\06.17
2026-06-24 23:04:03,980 [INFO] sorter: Перемещён: IMG_20260617_221054.jpg  →  \\webdav.cloud.mail.ru@SSL\DavWWWRoot\Foto (Фото)\2026\06.17
2026-06-24 23:04:04,142 [INFO] sorter: Перемещён: IMG_20260617_221106.jpg  →  \\webdav.cloud.mail.ru@SSL\DavWWWRoot\Foto (Фото)\2026\06.17
2026-06-24 23:04:05,882 [INFO] sorter: Перемещён: IMG_20260618_121305.jpg  →  \\webdav.cloud.mail.ru@SSL\DavWWWRoot\Foto (Фото)\2026\06.18
2026-06-24 23:04:06,015 [INFO] sorter: Перемещён: IMG_20260618_121347.jpg  →  \\webdav.cloud.mail.ru@SSL\DavWWWRoot\Foto (Фото)\2026\06.18
2026-06-24 23:04:06,199 [INFO] sorter: Перемещён: IMG_20260618_121459.jpg  →  \\webdav.cloud.mail.ru@SSL\DavWWWRoot\Foto (Фото)\2026\06.18
2026-06-24 23:04:06,334 [INFO] sorter: Перемещён: IMG_20260618_121552.jpg  →  \\webdav.cloud.mail.ru@SSL\DavWWWRoot\Foto (Фото)\2026\06.18
2026-06-24 23:04:06,480 [INFO] sorter: Перемещён: IMG_20260618_121703.jpg  →  \\webdav.cloud.mail.ru@SSL\DavWWWRoot\Foto (Фото)\2026\06.18
2026-06-24 23:04:06,610 [INFO] sorter: Перемещён: IMG_20260618_121852.jpg  →  \\webdav.cloud.mail.ru@SSL\DavWWWRoot\Foto (Фото)\2026\06.18
2026-06-24 23:04:06,998 [INFO] sorter: Перемещён: IMG_20260618_121907.jpg  →  \\webdav.cloud.mail.ru@SSL\DavWWWRoot\Foto (Фото)\2026\06.18
2026-06-24 23:04:07,194 [INFO] sorter: Перемещён: IMG_20260618_122157.jpg  →  \\webdav.cloud.mail.ru@SSL\DavWWWRoot\Foto (Фото)\2026\06.18
2026-06-24 23:04:07,318 [INFO] sorter: Перемещён: IMG_20260618_122750.jpg  →  \\webdav.cloud.mail.ru@SSL\DavWWWRoot\Foto (Фото)\2026\06.18
2026-06-24 23:04:07,443 [INFO] sorter: Перемещён: IMG_20260618_123315.jpg  →  \\webdav.cloud.mail.ru@SSL\DavWWWRoot\Foto (Фото)\2026\06.18
2026-06-24 23:04:07,586 [INFO] sorter: Перемещён: IMG_20260618_123409.jpg  →  \\webdav.cloud.mail.ru@SSL\DavWWWRoot\Foto (Фото)\2026\06.18
2026-06-24 23:04:07,665 [INFO] sorter: Перемещён: IMG_20260618_123503.jpg  →  \\webdav.cloud.mail.ru@SSL\DavWWWRoot\Foto (Фото)\2026\06.18
2026-06-24 23:04:07,799 [INFO] sorter: Перемещён: IMG_20260618_123551.jpg  →  \\webdav.cloud.mail.ru@SSL\DavWWWRoot\Foto (Фото)\2026\06.18
2026-06-24 23:04:07,944 [INFO] sorter: Перемещён: IMG_20260618_123649.jpg  →  \\webdav.cloud.mail.ru@SSL\DavWWWRoot\Foto (Фото)\2026\06.18
2026-06-24 23:04:08,040 [INFO] sorter: Перемещён: IMG_20260618_123658.jpg  →  \\webdav.cloud.mail.ru@SSL\DavWWWRoot\Foto (Фото)\2026\06.18
2026-06-24 23:05:08,582 [INFO] sorter: Перемещён: IMG_20260618_123734.jpg  →  \\webdav.cloud.mail.ru@SSL\DavWWWRoot\Foto (Фото)\2026\06.18
2026-06-24 23:05:10,271 [INFO] sorter: Перемещён: IMG_20260618_123811.jpg  →  \\webdav.cloud.mail.ru@SSL\DavWWWRoot\Foto (Фото)\2026\06.18
2026-06-24 23:05:10,508 [INFO] sorter: Перемещён: IMG_20260618_123836.jpg  →  \\webdav.cloud.mail.ru@SSL\DavWWWRoot\Foto (Фото)\2026\06.18
2026-06-24 23:05:10,797 [INFO] sorter: Перемещён: IMG_20260618_123902.jpg  →  \\webdav.cloud.mail.ru@SSL\DavWWWRoot\Foto (Фото)\2026\06.18
2026-06-24 23:05:11,001 [INFO] sorter: Перемещён: IMG_20260618_124156.jpg  →  \\webdav.cloud.mail.ru@SSL\DavWWWRoot\Foto (Фото)\2026\06.18
2026-06-24 23:05:11,199 [INFO] sorter: Перемещён: IMG_20260618_124228.jpg  →  \\webdav.cloud.mail.ru@SSL\DavWWWRoot\Foto (Фото)\2026\06.18
2026-06-24 23:05:11,713 [INFO] sorter: Перемещён: IMG_20260618_124304.jpg  →  \\webdav.cloud.mail.ru@SSL\DavWWWRoot\Foto (Фото)\2026\06.18
2026-06-24 23:05:11,960 [INFO] sorter: Перемещён: IMG_20260618_124345_Burst01.jpg  →  \\webdav.cloud.mail.ru@SSL\DavWWWRoot\Foto (Фото)\2026\06.18
2026-06-24 23:05:12,259 [INFO] sorter: Перемещён: IMG_20260618_124557.jpg  →  \\webdav.cloud.mail.ru@SSL\DavWWWRoot\Foto (Фото)\2026\06.18
2026-06-24 23:05:12,462 [INFO] sorter: Перемещён: IMG_20260618_124629.jpg  →  \\webdav.cloud.mail.ru@SSL\DavWWWRoot\Foto (Фото)\2026\06.18
2026-06-24 23:05:12,703 [INFO] sorter: Перемещён: IMG_20260618_124635.jpg  →  \\webdav.cloud.mail.ru@SSL\DavWWWRoot\Foto (Фото)\2026\06.18
2026-06-24 23:05:13,024 [INFO] sorter: Перемещён: IMG_20260618_124642.jpg  →  \\webdav.cloud.mail.ru@SSL\DavWWWRoot\Foto (Фото)\2026\06.18
2026-06-24 23:05:13,261 [INFO] sorter: Перемещён: IMG_20260618_125153.jpg  →  \\webdav.cloud.mail.ru@SSL\DavWWWRoot\Foto (Фото)\2026\06.18
2026-06-24 23:05:13,969 [INFO] sorter: Перемещён: IMG_20260618_125408.jpg  →  \\webdav.cloud.mail.ru@SSL\DavWWWRoot\Foto (Фото)\2026\06.18
2026-06-24 23:05:14,220 [INFO] sorter: Перемещён: IMG_20260618_130951.jpg  →  \\webdav.cloud.mail.ru@SSL\DavWWWRoot\Foto (Фото)\2026\06.18
2026-06-24 23:05:14,473 [INFO] sorter: Перемещён: IMG_20260618_131048.jpg  →  \\webdav.cloud.mail.ru@SSL\DavWWWRoot\Foto (Фото)\2026\06.18
2026-06-24 23:05:14,739 [INFO] sorter: Перемещён: IMG_20260618_131100.jpg  →  \\webdav.cloud.mail.ru@SSL\DavWWWRoot\Foto (Фото)\2026\06.18
2026-06-24 23:05:14,979 [INFO] sorter: Перемещён: IMG_20260618_131133.jpg  →  \\webdav.cloud.mail.ru@SSL\DavWWWRoot\Foto (Фото)\2026\06.18
2026-06-24 23:05:15,246 [INFO] sorter: Перемещён: IMG_20260618_131334.jpg  →  \\webdav.cloud.mail.ru@SSL\DavWWWRoot\Foto (Фото)\2026\06.18
2026-06-24 23:05:15,500 [INFO] sorter: Перемещён: IMG_20260618_131410.jpg  →  \\webdav.cloud.mail.ru@SSL\DavWWWRoot\Foto (Фото)\2026\06.18
2026-06-24 23:05:15,802 [INFO] sorter: Перемещён: IMG_20260618_131414.jpg  →  \\webdav.cloud.mail.ru@SSL\DavWWWRoot\Foto (Фото)\2026\06.18
2026-06-24 23:05:16,115 [INFO] sorter: Перемещён: IMG_20260618_131710.jpg  →  \\webdav.cloud.mail.ru@SSL\DavWWWRoot\Foto (Фото)\2026\06.18
2026-06-24 23:05:16,389 [INFO] sorter: Перемещён: IMG_20260618_132016.jpg  →  \\webdav.cloud.mail.ru@SSL\DavWWWRoot\Foto (Фото)\2026\06.18
2026-06-24 23:05:16,613 [INFO] sorter: Перемещён: IMG_20260618_132025.jpg  →  \\webdav.cloud.mail.ru@SSL\DavWWWRoot\Foto (Фото)\2026\06.18
2026-06-24 23:05:16,893 [INFO] sorter: Перемещён: IMG_20260618_132116.jpg  →  \\webdav.cloud.mail.ru@SSL\DavWWWRoot\Foto (Фото)\2026\06.18
2026-06-24 23:05:17,170 [INFO] sorter: Перемещён: IMG_20260618_132159.jpg  →  \\webdav.cloud.mail.ru@SSL\DavWWWRoot\Foto (Фото)\2026\06.18
2026-06-24 23:05:17,504 [INFO] sorter: Перемещён: IMG_20260618_135629.jpg  →  \\webdav.cloud.mail.ru@SSL\DavWWWRoot\Foto (Фото)\2026\06.18
2026-06-24 23:05:17,783 [INFO] sorter: Перемещён: IMG_20260618_135719.jpg  →  \\webdav.cloud.mail.ru@SSL\DavWWWRoot\Foto (Фото)\2026\06.18
2026-06-24 23:05:18,049 [INFO] sorter: Перемещён: IMG_20260618_135727.jpg  →  \\webdav.cloud.mail.ru@SSL\DavWWWRoot\Foto (Фото)\2026\06.18
2026-06-24 23:06:18,480 [INFO] sorter: Перемещён: IMG_20260618_140209.jpg  →  \\webdav.cloud.mail.ru@SSL\DavWWWRoot\Foto (Фото)\2026\06.18
2026-06-24 23:06:18,854 [INFO] sorter: Перемещён: IMG_20260618_155705.jpg  →  \\webdav.cloud.mail.ru@SSL\DavWWWRoot\Foto (Фото)\2026\06.18
2026-06-24 23:06:19,105 [INFO] sorter: Перемещён: IMG_20260618_155706.jpg  →  \\webdav.cloud.mail.ru@SSL\DavWWWRoot\Foto (Фото)\2026\06.18
2026-06-24 23:06:19,337 [INFO] sorter: Перемещён: IMG_20260618_155757.jpg  →  \\webdav.cloud.mail.ru@SSL\DavWWWRoot\Foto (Фото)\2026\06.18
2026-06-24 23:06:19,580 [INFO] sorter: Перемещён: IMG_20260618_155800.jpg  →  \\webdav.cloud.mail.ru@SSL\DavWWWRoot\Foto (Фото)\2026\06.18
2026-06-24 23:06:19,813 [INFO] sorter: Перемещён: IMG_20260618_155930.jpg  →  \\webdav.cloud.mail.ru@SSL\DavWWWRoot\Foto (Фото)\2026\06.18
2026-06-24 23:06:20,139 [INFO] sorter: Перемещён: IMG_20260618_155935.jpg  →  \\webdav.cloud.mail.ru@SSL\DavWWWRoot\Foto (Фото)\2026\06.18
2026-06-24 23:06:20,376 [INFO] sorter: Перемещён: IMG_20260618_163706.jpg  →  \\webdav.cloud.mail.ru@SSL\DavWWWRoot\Foto (Фото)\2026\06.18
2026-06-24 23:06:20,658 [INFO] sorter: Перемещён: IMG_20260618_163707.jpg  →  \\webdav.cloud.mail.ru@SSL\DavWWWRoot\Foto (Фото)\2026\06.18
2026-06-24 23:06:21,267 [INFO] sorter: Перемещён: IMG_20260618_203400.jpg  →  \\webdav.cloud.mail.ru@SSL\DavWWWRoot\Foto (Фото)\2026\06.18
2026-06-24 23:06:21,540 [INFO] sorter: Перемещён: IMG_20260618_203437.jpg  →  \\webdav.cloud.mail.ru@SSL\DavWWWRoot\Foto (Фото)\2026\06.18
2026-06-24 23:06:21,799 [INFO] sorter: Перемещён: IMG_20260618_205915.jpg  →  \\webdav.cloud.mail.ru@SSL\DavWWWRoot\Foto (Фото)\2026\06.18
2026-06-24 23:06:22,117 [INFO] sorter: Перемещён: IMG_20260618_210258.jpg  →  \\webdav.cloud.mail.ru@SSL\DavWWWRoot\Foto (Фото)\2026\06.18
2026-06-24 23:06:22,370 [INFO] sorter: Перемещён: IMG_20260618_210435.jpg  →  \\webdav.cloud.mail.ru@SSL\DavWWWRoot\Foto (Фото)\2026\06.18
2026-06-24 23:06:22,626 [INFO] sorter: Перемещён: IMG_20260618_210450.jpg  →  \\webdav.cloud.mail.ru@SSL\DavWWWRoot\Foto (Фото)\2026\06.18
2026-06-24 23:06:22,864 [INFO] sorter: Перемещён: IMG_20260618_211547.jpg  →  \\webdav.cloud.mail.ru@SSL\DavWWWRoot\Foto (Фото)\2026\06.18
2026-06-24 23:06:23,429 [INFO] sorter: Перемещён: IMG_20260619_091527.jpg  →  \\webdav.cloud.mail.ru@SSL\DavWWWRoot\Foto (Фото)\2026\06.19
2026-06-24 23:06:23,654 [INFO] sorter: Перемещён: IMG_20260619_115654.jpg  →  \\webdav.cloud.mail.ru@SSL\DavWWWRoot\Foto (Фото)\2026\06.19
2026-06-24 23:06:24,222 [INFO] sorter: Перемещён: IMG_20260619_120002.jpg  →  \\webdav.cloud.mail.ru@SSL\DavWWWRoot\Foto (Фото)\2026\06.19
2026-06-24 23:06:24,443 [INFO] sorter: Перемещён: IMG_20260619_120121.jpg  →  \\webdav.cloud.mail.ru@SSL\DavWWWRoot\Foto (Фото)\2026\06.19
2026-06-24 23:06:24,767 [INFO] sorter: Перемещён: IMG_20260619_121718.jpg  →  \\webdav.cloud.mail.ru@SSL\DavWWWRoot\Foto (Фото)\2026\06.19
2026-06-24 23:06:27,477 [INFO] sorter: Перемещён: IMG_20260619_122031.jpg  →  \\webdav.cloud.mail.ru@SSL\DavWWWRoot\Foto (Фото)\2026\06.19
2026-06-24 23:06:27,729 [INFO] sorter: Перемещён: IMG_20260619_122116.jpg  →  \\webdav.cloud.mail.ru@SSL\DavWWWRoot\Foto (Фото)\2026\06.19
2026-06-24 23:06:28,022 [INFO] sorter: Перемещён: IMG_20260619_122146.jpg  →  \\webdav.cloud.mail.ru@SSL\DavWWWRoot\Foto (Фото)\2026\06.19
2026-06-24 23:06:28,551 [INFO] sorter: Перемещён: IMG_20260619_122249.jpg  →  \\webdav.cloud.mail.ru@SSL\DavWWWRoot\Foto (Фото)\2026\06.19
2026-06-24 23:06:28,832 [INFO] sorter: Перемещён: IMG_20260619_122355.jpg  →  \\webdav.cloud.mail.ru@SSL\DavWWWRoot\Foto (Фото)\2026\06.19
2026-06-24 23:06:29,111 [INFO] sorter: Перемещён: IMG_20260619_122818.jpg  →  \\webdav.cloud.mail.ru@SSL\DavWWWRoot\Foto (Фото)\2026\06.19
2026-06-24 23:06:29,329 [INFO] sorter: Перемещён: IMG_20260619_122834.jpg  →  \\webdav.cloud.mail.ru@SSL\DavWWWRoot\Foto (Фото)\2026\06.19
2026-06-24 23:06:29,570 [INFO] sorter: Перемещён: IMG_20260619_123020.jpg  →  \\webdav.cloud.mail.ru@SSL\DavWWWRoot\Foto (Фото)\2026\06.19
2026-06-24 23:06:30,376 [INFO] sorter: Перемещён: IMG_20260619_123022.jpg  →  \\webdav.cloud.mail.ru@SSL\DavWWWRoot\Foto (Фото)\2026\06.19
2026-06-24 23:06:30,641 [INFO] sorter: Перемещён: IMG_20260619_123028.jpg  →  \\webdav.cloud.mail.ru@SSL\DavWWWRoot\Foto (Фото)\2026\06.19
2026-06-24 23:06:30,913 [INFO] sorter: Перемещён: IMG_20260619_123039.jpg  →  \\webdav.cloud.mail.ru@SSL\DavWWWRoot\Foto (Фото)\2026\06.19
2026-06-24 23:06:31,150 [INFO] sorter: Перемещён: IMG_20260619_123503.jpg  →  \\webdav.cloud.mail.ru@SSL\DavWWWRoot\Foto (Фото)\2026\06.19
2026-06-24 23:06:31,428 [INFO] sorter: Перемещён: IMG_20260619_125135.jpg  →  \\webdav.cloud.mail.ru@SSL\DavWWWRoot\Foto (Фото)\2026\06.19
2026-06-24 23:06:31,738 [INFO] sorter: Перемещён: IMG_20260619_125153.jpg  →  \\webdav.cloud.mail.ru@SSL\DavWWWRoot\Foto (Фото)\2026\06.19
2026-06-24 23:06:32,014 [INFO] sorter: Перемещён: IMG_20260619_125207.jpg  →  \\webdav.cloud.mail.ru@SSL\DavWWWRoot\Foto (Фото)\2026\06.19
2026-06-24 23:06:32,252 [INFO] sorter: Перемещён: IMG_20260619_125217.jpg  →  \\webdav.cloud.mail.ru@SSL\DavWWWRoot\Foto (Фото)\2026\06.19
2026-06-24 23:06:32,499 [INFO] sorter: Перемещён: IMG_20260619_125310.jpg  →  \\webdav.cloud.mail.ru@SSL\DavWWWRoot\Foto (Фото)\2026\06.19
2026-06-24 23:06:32,842 [INFO] sorter: Перемещён: IMG_20260619_125415.jpg  →  \\webdav.cloud.mail.ru@SSL\DavWWWRoot\Foto (Фото)\2026\06.19
2026-06-24 23:06:33,487 [INFO] sorter: Перемещён: IMG_20260619_125430.jpg  →  \\webdav.cloud.mail.ru@SSL\DavWWWRoot\Foto (Фото)\2026\06.19
2026-06-24 23:06:33,784 [INFO] sorter: Перемещён: IMG_20260619_125439.jpg  →  \\webdav.cloud.mail.ru@SSL\DavWWWRoot\Foto (Фото)\2026\06.19
2026-06-24 23:06:34,029 [INFO] sorter: Перемещён: IMG_20260619_125502.jpg  →  \\webdav.cloud.mail.ru@SSL\DavWWWRoot\Foto (Фото)\2026\06.19
2026-06-24 23:06:34,715 [INFO] sorter: Перемещён: IMG_20260619_125521.jpg  →  \\webdav.cloud.mail.ru@SSL\DavWWWRoot\Foto (Фото)\2026\06.19
2026-06-24 23:06:35,024 [INFO] sorter: Перемещён: IMG_20260619_125531.jpg  →  \\webdav.cloud.mail.ru@SSL\DavWWWRoot\Foto (Фото)\2026\06.19
2026-06-24 23:06:35,307 [INFO] sorter: Перемещён: IMG_20260619_125558.jpg  →  \\webdav.cloud.mail.ru@SSL\DavWWWRoot\Foto (Фото)\2026\06.19
2026-06-24 23:06:35,731 [INFO] sorter: Перемещён: IMG_20260619_125701.jpg  →  \\webdav.cloud.mail.ru@SSL\DavWWWRoot\Foto (Фото)\2026\06.19
2026-06-24 23:06:36,542 [INFO] sorter: Перемещён: IMG_20260619_125722.jpg  →  \\webdav.cloud.mail.ru@SSL\DavWWWRoot\Foto (Фото)\2026\06.19
2026-06-24 23:06:36,874 [INFO] sorter: Перемещён: IMG_20260619_131019.jpg  →  \\webdav.cloud.mail.ru@SSL\DavWWWRoot\Foto (Фото)\2026\06.19
2026-06-24 23:06:37,159 [INFO] sorter: Перемещён: IMG_20260619_131031.jpg  →  \\webdav.cloud.mail.ru@SSL\DavWWWRoot\Foto (Фото)\2026\06.19
2026-06-24 23:06:37,461 [INFO] sorter: Перемещён: IMG_20260619_132049.jpg  →  \\webdav.cloud.mail.ru@SSL\DavWWWRoot\Foto (Фото)\2026\06.19
2026-06-24 23:06:37,727 [INFO] sorter: Перемещён: IMG_20260619_132053.jpg  →  \\webdav.cloud.mail.ru@SSL\DavWWWRoot\Foto (Фото)\2026\06.19
2026-06-24 23:06:38,044 [INFO] sorter: Перемещён: IMG_20260619_133435.jpg  →  \\webdav.cloud.mail.ru@SSL\DavWWWRoot\Foto (Фото)\2026\06.19
2026-06-24 23:06:38,253 [INFO] sorter: Перемещён: IMG_20260619_133537.jpg  →  \\webdav.cloud.mail.ru@SSL\DavWWWRoot\Foto (Фото)\2026\06.19
2026-06-24 23:06:38,517 [INFO] sorter: Перемещён: IMG_20260619_133549.jpg  →  \\webdav.cloud.mail.ru@SSL\DavWWWRoot\Foto (Фото)\2026\06.19
2026-06-24 23:06:38,881 [INFO] sorter: Перемещён: IMG_20260619_133717.jpg  →  \\webdav.cloud.mail.ru@SSL\DavWWWRoot\Foto (Фото)\2026\06.19
2026-06-24 23:06:39,211 [INFO] sorter: Перемещён: IMG_20260619_133739.jpg  →  \\webdav.cloud.mail.ru@SSL\DavWWWRoot\Foto (Фото)\2026\06.19
2026-06-24 23:06:39,475 [INFO] sorter: Перемещён: IMG_20260619_134144.jpg  →  \\webdav.cloud.mail.ru@SSL\DavWWWRoot\Foto (Фото)\2026\06.19
2026-06-24 23:06:39,710 [INFO] sorter: Перемещён: IMG_20260619_134244.jpg  →  \\webdav.cloud.mail.ru@SSL\DavWWWRoot\Foto (Фото)\2026\06.19
2026-06-24 23:06:39,956 [INFO] sorter: Перемещён: IMG_20260619_134939.jpg  →  \\webdav.cloud.mail.ru@SSL\DavWWWRoot\Foto (Фото)\2026\06.19
2026-06-24 23:06:40,237 [INFO] sorter: Перемещён: IMG_20260619_134948.jpg  →  \\webdav.cloud.mail.ru@SSL\DavWWWRoot\Foto (Фото)\2026\06.19
2026-06-24 23:06:40,546 [INFO] sorter: Перемещён: IMG_20260619_135215.jpg  →  \\webdav.cloud.mail.ru@SSL\DavWWWRoot\Foto (Фото)\2026\06.19
2026-06-24 23:06:40,805 [INFO] sorter: Перемещён: IMG_20260619_135227.jpg  →  \\webdav.cloud.mail.ru@SSL\DavWWWRoot\Foto (Фото)\2026\06.19
2026-06-24 23:06:41,084 [INFO] sorter: Перемещён: IMG_20260619_135750.jpg  →  \\webdav.cloud.mail.ru@SSL\DavWWWRoot\Foto (Фото)\2026\06.19
2026-06-24 23:06:41,348 [INFO] sorter: Перемещён: IMG_20260619_140954.jpg  →  \\webdav.cloud.mail.ru@SSL\DavWWWRoot\Foto (Фото)\2026\06.19
2026-06-24 23:06:41,616 [INFO] sorter: Перемещён: IMG_20260619_143752.jpg  →  \\webdav.cloud.mail.ru@SSL\DavWWWRoot\Foto (Фото)\2026\06.19
2026-06-24 23:06:41,886 [INFO] sorter: Перемещён: IMG_20260619_143813.jpg  →  \\webdav.cloud.mail.ru@SSL\DavWWWRoot\Foto (Фото)\2026\06.19
2026-06-24 23:06:42,123 [INFO] sorter: Перемещён: IMG_20260619_151732.jpg  →  \\webdav.cloud.mail.ru@SSL\DavWWWRoot\Foto (Фото)\2026\06.19
2026-06-24 23:06:42,351 [INFO] sorter: Перемещён: IMG_20260619_162822.jpg  →  \\webdav.cloud.mail.ru@SSL\DavWWWRoot\Foto (Фото)\2026\06.19
2026-06-24 23:06:42,605 [INFO] sorter: Перемещён: IMG_20260619_171639_1.jpg  →  \\webdav.cloud.mail.ru@SSL\DavWWWRoot\Foto (Фото)\2026\06.19
2026-06-24 23:06:42,946 [INFO] sorter: Перемещён: IMG_20260619_171651.jpg  →  \\webdav.cloud.mail.ru@SSL\DavWWWRoot\Foto (Фото)\2026\06.19
2026-06-24 23:06:43,143 [INFO] sorter: Перемещён: IMG_20260619_171656.jpg  →  \\webdav.cloud.mail.ru@SSL\DavWWWRoot\Foto (Фото)\2026\06.19
2026-06-24 23:06:43,992 [INFO] sorter: Перемещён: IMG_20260620_121732.jpg  →  \\webdav.cloud.mail.ru@SSL\DavWWWRoot\Foto (Фото)\2026\06.20
2026-06-24 23:06:44,181 [INFO] sorter: Перемещён: IMG_20260620_122014.jpg  →  \\webdav.cloud.mail.ru@SSL\DavWWWRoot\Foto (Фото)\2026\06.20
2026-06-24 23:06:44,425 [INFO] sorter: Перемещён: IMG_20260620_122301.jpg  →  \\webdav.cloud.mail.ru@SSL\DavWWWRoot\Foto (Фото)\2026\06.20
2026-06-24 23:06:44,701 [INFO] sorter: Перемещён: IMG_20260620_122315.jpg  →  \\webdav.cloud.mail.ru@SSL\DavWWWRoot\Foto (Фото)\2026\06.20
2026-06-24 23:06:45,044 [INFO] sorter: Перемещён: IMG_20260620_122327.jpg  →  \\webdav.cloud.mail.ru@SSL\DavWWWRoot\Foto (Фото)\2026\06.20
2026-06-24 23:06:45,217 [INFO] sorter: Перемещён: IMG_20260620_122338_1.jpg  →  \\webdav.cloud.mail.ru@SSL\DavWWWRoot\Foto (Фото)\2026\06.20
2026-06-24 23:06:45,458 [INFO] sorter: Перемещён: IMG_20260620_122347.jpg  →  \\webdav.cloud.mail.ru@SSL\DavWWWRoot\Foto (Фото)\2026\06.20
2026-06-24 23:06:45,660 [INFO] sorter: Перемещён: IMG_20260620_122500.jpg  →  \\webdav.cloud.mail.ru@SSL\DavWWWRoot\Foto (Фото)\2026\06.20
2026-06-24 23:06:45,955 [INFO] sorter: Перемещён: IMG_20260620_122543.jpg  →  \\webdav.cloud.mail.ru@SSL\DavWWWRoot\Foto (Фото)\2026\06.20
2026-06-24 23:06:46,243 [INFO] sorter: Перемещён: IMG_20260620_123039.jpg  →  \\webdav.cloud.mail.ru@SSL\DavWWWRoot\Foto (Фото)\2026\06.20
2026-06-24 23:06:46,529 [INFO] sorter: Перемещён: IMG_20260620_124734.jpg  →  \\webdav.cloud.mail.ru@SSL\DavWWWRoot\Foto (Фото)\2026\06.20
2026-06-24 23:06:46,775 [INFO] sorter: Перемещён: IMG_20260620_125434.jpg  →  \\webdav.cloud.mail.ru@SSL\DavWWWRoot\Foto (Фото)\2026\06.20
2026-06-24 23:06:47,096 [INFO] sorter: Перемещён: IMG_20260620_125453.jpg  →  \\webdav.cloud.mail.ru@SSL\DavWWWRoot\Foto (Фото)\2026\06.20
2026-06-24 23:06:47,359 [INFO] sorter: Перемещён: IMG_20260620_130638.jpg  →  \\webdav.cloud.mail.ru@SSL\DavWWWRoot\Foto (Фото)\2026\06.20
2026-06-24 23:06:47,662 [INFO] sorter: Перемещён: IMG_20260620_131055.jpg  →  \\webdav.cloud.mail.ru@SSL\DavWWWRoot\Foto (Фото)\2026\06.20
2026-06-24 23:06:47,920 [INFO] sorter: Перемещён: IMG_20260620_133149.jpg  →  \\webdav.cloud.mail.ru@SSL\DavWWWRoot\Foto (Фото)\2026\06.20
2026-06-24 23:06:48,172 [INFO] sorter: Перемещён: IMG_20260620_133214.jpg  →  \\webdav.cloud.mail.ru@SSL\DavWWWRoot\Foto (Фото)\2026\06.20
2026-06-24 23:06:48,421 [INFO] sorter: Перемещён: IMG_20260620_133251.jpg  →  \\webdav.cloud.mail.ru@SSL\DavWWWRoot\Foto (Фото)\2026\06.20
2026-06-24 23:06:48,744 [INFO] sorter: Перемещён: IMG_20260620_134022.jpg  →  \\webdav.cloud.mail.ru@SSL\DavWWWRoot\Foto (Фото)\2026\06.20
2026-06-24 23:06:48,999 [INFO] sorter: Перемещён: IMG_20260620_134047.jpg  →  \\webdav.cloud.mail.ru@SSL\DavWWWRoot\Foto (Фото)\2026\06.20
2026-06-24 23:06:49,235 [INFO] sorter: Перемещён: IMG_20260620_134307.jpg  →  \\webdav.cloud.mail.ru@SSL\DavWWWRoot\Foto (Фото)\2026\06.20
2026-06-24 23:06:49,521 [INFO] sorter: Перемещён: IMG_20260620_134517.jpg  →  \\webdav.cloud.mail.ru@SSL\DavWWWRoot\Foto (Фото)\2026\06.20
2026-06-24 23:06:49,992 [INFO] sorter: Перемещён: IMG_20260620_135210.jpg  →  \\webdav.cloud.mail.ru@SSL\DavWWWRoot\Foto (Фото)\2026\06.20
2026-06-24 23:06:50,219 [INFO] sorter: Перемещён: IMG_20260620_171458.jpg  →  \\webdav.cloud.mail.ru@SSL\DavWWWRoot\Foto (Фото)\2026\06.20
2026-06-24 23:06:50,429 [INFO] sorter: Перемещён: IMG_20260620_171530.jpg  →  \\webdav.cloud.mail.ru@SSL\DavWWWRoot\Foto (Фото)\2026\06.20
2026-06-24 23:06:51,127 [INFO] sorter: Перемещён: IMG_20260620_171531.jpg  →  \\webdav.cloud.mail.ru@SSL\DavWWWRoot\Foto (Фото)\2026\06.20
2026-06-24 23:06:51,378 [INFO] sorter: Перемещён: IMG_20260620_171719.jpg  →  \\webdav.cloud.mail.ru@SSL\DavWWWRoot\Foto (Фото)\2026\06.20
2026-06-24 23:06:51,656 [INFO] sorter: Перемещён: IMG_20260620_171803.jpg  →  \\webdav.cloud.mail.ru@SSL\DavWWWRoot\Foto (Фото)\2026\06.20
2026-06-24 23:06:51,916 [INFO] sorter: Перемещён: IMG_20260620_172111.jpg  →  \\webdav.cloud.mail.ru@SSL\DavWWWRoot\Foto (Фото)\2026\06.20
2026-06-24 23:06:52,184 [INFO] sorter: Перемещён: IMG_20260620_172117.jpg  →  \\webdav.cloud.mail.ru@SSL\DavWWWRoot\Foto (Фото)\2026\06.20
2026-06-24 23:07:52,577 [INFO] sorter: Перемещён: IMG_20260620_172127.jpg  →  \\webdav.cloud.mail.ru@SSL\DavWWWRoot\Foto (Фото)\2026\06.20
2026-06-24 23:07:52,973 [INFO] sorter: Перемещён: IMG_20260620_172135.jpg  →  \\webdav.cloud.mail.ru@SSL\DavWWWRoot\Foto (Фото)\2026\06.20
2026-06-24 23:07:53,290 [INFO] sorter: Перемещён: IMG_20260620_173433.jpg  →  \\webdav.cloud.mail.ru@SSL\DavWWWRoot\Foto (Фото)\2026\06.20
2026-06-24 23:07:53,645 [INFO] sorter: Перемещён: IMG_20260620_214254.jpg  →  \\webdav.cloud.mail.ru@SSL\DavWWWRoot\Foto (Фото)\2026\06.20
2026-06-24 23:07:53,981 [INFO] sorter: Перемещён: IMG_20260620_214312.jpg  →  \\webdav.cloud.mail.ru@SSL\DavWWWRoot\Foto (Фото)\2026\06.20
2026-06-24 23:07:54,233 [INFO] sorter: Перемещён: IMG_20260620_214430.jpg  →  \\webdav.cloud.mail.ru@SSL\DavWWWRoot\Foto (Фото)\2026\06.20
2026-06-24 23:07:54,504 [INFO] sorter: Перемещён: IMG_20260620_215041.jpg  →  \\webdav.cloud.mail.ru@SSL\DavWWWRoot\Foto (Фото)\2026\06.20
2026-06-24 23:07:54,855 [INFO] sorter: Перемещён: IMG_20260620_215541.jpg  →  \\webdav.cloud.mail.ru@SSL\DavWWWRoot\Foto (Фото)\2026\06.20
2026-06-24 23:07:55,658 [INFO] sorter: Перемещён: IMG_20260621_113642.jpg  →  \\webdav.cloud.mail.ru@SSL\DavWWWRoot\Foto (Фото)\2026\06.21
2026-06-24 23:07:55,913 [INFO] sorter: Перемещён: IMG_20260621_113649.jpg  →  \\webdav.cloud.mail.ru@SSL\DavWWWRoot\Foto (Фото)\2026\06.21
2026-06-24 23:07:56,203 [INFO] sorter: Перемещён: IMG_20260621_115031.jpg  →  \\webdav.cloud.mail.ru@SSL\DavWWWRoot\Foto (Фото)\2026\06.21
2026-06-24 23:07:56,466 [INFO] sorter: Перемещён: IMG_20260621_115059.jpg  →  \\webdav.cloud.mail.ru@SSL\DavWWWRoot\Foto (Фото)\2026\06.21
2026-06-24 23:07:56,737 [INFO] sorter: Перемещён: IMG_20260621_115227.jpg  →  \\webdav.cloud.mail.ru@SSL\DavWWWRoot\Foto (Фото)\2026\06.21
2026-06-24 23:07:56,991 [INFO] sorter: Перемещён: IMG_20260621_115246.jpg  →  \\webdav.cloud.mail.ru@SSL\DavWWWRoot\Foto (Фото)\2026\06.21
2026-06-24 23:07:57,246 [INFO] sorter: Перемещён: IMG_20260621_115306.jpg  →  \\webdav.cloud.mail.ru@SSL\DavWWWRoot\Foto (Фото)\2026\06.21
2026-06-24 23:07:57,515 [INFO] sorter: Перемещён: IMG_20260621_115314.jpg  →  \\webdav.cloud.mail.ru@SSL\DavWWWRoot\Foto (Фото)\2026\06.21
2026-06-24 23:07:57,900 [INFO] sorter: Перемещён: IMG_20260621_115328.jpg  →  \\webdav.cloud.mail.ru@SSL\DavWWWRoot\Foto (Фото)\2026\06.21
2026-06-24 23:07:58,148 [INFO] sorter: Перемещён: IMG_20260621_115356.jpg  →  \\webdav.cloud.mail.ru@SSL\DavWWWRoot\Foto (Фото)\2026\06.21
2026-06-24 23:07:58,420 [INFO] sorter: Перемещён: IMG_20260621_115410.jpg  →  \\webdav.cloud.mail.ru@SSL\DavWWWRoot\Foto (Фото)\2026\06.21
2026-06-24 23:07:58,675 [INFO] sorter: Перемещён: IMG_20260621_115437.jpg  →  \\webdav.cloud.mail.ru@SSL\DavWWWRoot\Foto (Фото)\2026\06.21
2026-06-24 23:07:58,930 [INFO] sorter: Перемещён: IMG_20260621_115452.jpg  →  \\webdav.cloud.mail.ru@SSL\DavWWWRoot\Foto (Фото)\2026\06.21
2026-06-24 23:07:59,301 [INFO] sorter: Перемещён: IMG_20260621_115654.jpg  →  \\webdav.cloud.mail.ru@SSL\DavWWWRoot\Foto (Фото)\2026\06.21
2026-06-24 23:07:59,529 [INFO] sorter: Перемещён: IMG_20260621_115709.jpg  →  \\webdav.cloud.mail.ru@SSL\DavWWWRoot\Foto (Фото)\2026\06.21
2026-06-24 23:07:59,778 [INFO] sorter: Перемещён: IMG_20260621_115937.jpg  →  \\webdav.cloud.mail.ru@SSL\DavWWWRoot\Foto (Фото)\2026\06.21
2026-06-24 23:08:00,053 [INFO] sorter: Перемещён: IMG_20260621_115957.jpg  →  \\webdav.cloud.mail.ru@SSL\DavWWWRoot\Foto (Фото)\2026\06.21
2026-06-24 23:08:00,352 [INFO] sorter: Перемещён: IMG_20260621_120036.jpg  →  \\webdav.cloud.mail.ru@SSL\DavWWWRoot\Foto (Фото)\2026\06.21
2026-06-24 23:08:00,642 [INFO] sorter: Перемещён: IMG_20260621_120120.jpg  →  \\webdav.cloud.mail.ru@SSL\DavWWWRoot\Foto (Фото)\2026\06.21
2026-06-24 23:08:00,926 [INFO] sorter: Перемещён: IMG_20260621_120123.jpg  →  \\webdav.cloud.mail.ru@SSL\DavWWWRoot\Foto (Фото)\2026\06.21
2026-06-24 23:08:01,207 [INFO] sorter: Перемещён: IMG_20260621_120221.jpg  →  \\webdav.cloud.mail.ru@SSL\DavWWWRoot\Foto (Фото)\2026\06.21
2026-06-24 23:08:01,502 [INFO] sorter: Перемещён: IMG_20260621_120247.jpg  →  \\webdav.cloud.mail.ru@SSL\DavWWWRoot\Foto (Фото)\2026\06.21
2026-06-24 23:08:01,716 [INFO] sorter: Перемещён: IMG_20260621_121036.jpg  →  \\webdav.cloud.mail.ru@SSL\DavWWWRoot\Foto (Фото)\2026\06.21
2026-06-24 23:08:01,952 [INFO] sorter: Перемещён: IMG_20260621_121039.jpg  →  \\webdav.cloud.mail.ru@SSL\DavWWWRoot\Foto (Фото)\2026\06.21
2026-06-24 23:08:02,300 [INFO] sorter: Перемещён: IMG_20260621_121043.jpg  →  \\webdav.cloud.mail.ru@SSL\DavWWWRoot\Foto (Фото)\2026\06.21
2026-06-24 23:08:02,545 [INFO] sorter: Перемещён: IMG_20260621_123910.jpg  →  \\webdav.cloud.mail.ru@SSL\DavWWWRoot\Foto (Фото)\2026\06.21
2026-06-24 23:08:02,856 [INFO] sorter: Перемещён: IMG_20260621_124124.jpg  →  \\webdav.cloud.mail.ru@SSL\DavWWWRoot\Foto (Фото)\2026\06.21
2026-06-24 23:08:04,282 [INFO] sorter: Перемещён: IMG_20260621_124217.jpg  →  \\webdav.cloud.mail.ru@SSL\DavWWWRoot\Foto (Фото)\2026\06.21
2026-06-24 23:08:04,472 [INFO] sorter: Перемещён: IMG_20260621_124233.jpg  →  \\webdav.cloud.mail.ru@SSL\DavWWWRoot\Foto (Фото)\2026\06.21
2026-06-24 23:08:04,727 [INFO] sorter: Перемещён: IMG_20260621_124843.jpg  →  \\webdav.cloud.mail.ru@SSL\DavWWWRoot\Foto (Фото)\2026\06.21
2026-06-24 23:08:05,015 [INFO] sorter: Перемещён: IMG_20260621_125145.jpg  →  \\webdav.cloud.mail.ru@SSL\DavWWWRoot\Foto (Фото)\2026\06.21
2026-06-24 23:08:05,305 [INFO] sorter: Перемещён: IMG_20260621_125945.jpg  →  \\webdav.cloud.mail.ru@SSL\DavWWWRoot\Foto (Фото)\2026\06.21
2026-06-24 23:08:05,538 [INFO] sorter: Перемещён: IMG_20260621_125947.jpg  →  \\webdav.cloud.mail.ru@SSL\DavWWWRoot\Foto (Фото)\2026\06.21
2026-06-24 23:08:05,787 [INFO] sorter: Перемещён: IMG_20260621_130124.jpg  →  \\webdav.cloud.mail.ru@SSL\DavWWWRoot\Foto (Фото)\2026\06.21
2026-06-24 23:08:05,990 [INFO] sorter: Перемещён: IMG_20260621_130125.jpg  →  \\webdav.cloud.mail.ru@SSL\DavWWWRoot\Foto (Фото)\2026\06.21
2026-06-24 23:08:06,268 [INFO] sorter: Перемещён: IMG_20260621_130136.jpg  →  \\webdav.cloud.mail.ru@SSL\DavWWWRoot\Foto (Фото)\2026\06.21
2026-06-24 23:08:06,704 [INFO] sorter: Перемещён: IMG_20260621_130429.jpg  →  \\webdav.cloud.mail.ru@SSL\DavWWWRoot\Foto (Фото)\2026\06.21
2026-06-24 23:08:06,920 [INFO] sorter: Перемещён: IMG_20260621_130430.jpg  →  \\webdav.cloud.mail.ru@SSL\DavWWWRoot\Foto (Фото)\2026\06.21
2026-06-24 23:08:07,226 [INFO] sorter: Перемещён: IMG_20260621_130432.jpg  →  \\webdav.cloud.mail.ru@SSL\DavWWWRoot\Foto (Фото)\2026\06.21
2026-06-24 23:08:07,497 [INFO] sorter: Перемещён: IMG_20260621_130508.jpg  →  \\webdav.cloud.mail.ru@SSL\DavWWWRoot\Foto (Фото)\2026\06.21
2026-06-24 23:08:07,778 [INFO] sorter: Перемещён: IMG_20260621_130556.jpg  →  \\webdav.cloud.mail.ru@SSL\DavWWWRoot\Foto (Фото)\2026\06.21
2026-06-24 23:08:08,069 [INFO] sorter: Перемещён: IMG_20260621_130558.jpg  →  \\webdav.cloud.mail.ru@SSL\DavWWWRoot\Foto (Фото)\2026\06.21
2026-06-24 23:08:08,355 [INFO] sorter: Перемещён: IMG_20260621_130602.jpg  →  \\webdav.cloud.mail.ru@SSL\DavWWWRoot\Foto (Фото)\2026\06.21
2026-06-24 23:08:08,646 [INFO] sorter: Перемещён: IMG_20260621_130622.jpg  →  \\webdav.cloud.mail.ru@SSL\DavWWWRoot\Foto (Фото)\2026\06.21
2026-06-24 23:08:08,899 [INFO] sorter: Перемещён: IMG_20260621_130634.jpg  →  \\webdav.cloud.mail.ru@SSL\DavWWWRoot\Foto (Фото)\2026\06.21
2026-06-24 23:08:09,214 [INFO] sorter: Перемещён: IMG_20260621_130638.jpg  →  \\webdav.cloud.mail.ru@SSL\DavWWWRoot\Foto (Фото)\2026\06.21
2026-06-24 23:08:09,501 [INFO] sorter: Перемещён: IMG_20260621_130654.jpg  →  \\webdav.cloud.mail.ru@SSL\DavWWWRoot\Foto (Фото)\2026\06.21
2026-06-24 23:08:09,765 [INFO] sorter: Перемещён: IMG_20260621_130704.jpg  →  \\webdav.cloud.mail.ru@SSL\DavWWWRoot\Foto (Фото)\2026\06.21
2026-06-24 23:08:10,084 [INFO] sorter: Перемещён: IMG_20260621_131047.jpg  →  \\webdav.cloud.mail.ru@SSL\DavWWWRoot\Foto (Фото)\2026\06.21
2026-06-24 23:08:10,321 [INFO] sorter: Перемещён: IMG_20260621_131103.jpg  →  \\webdav.cloud.mail.ru@SSL\DavWWWRoot\Foto (Фото)\2026\06.21
2026-06-24 23:08:10,551 [INFO] sorter: Перемещён: IMG_20260621_131110.jpg  →  \\webdav.cloud.mail.ru@SSL\DavWWWRoot\Foto (Фото)\2026\06.21
2026-06-24 23:08:10,915 [INFO] sorter: Перемещён: IMG_20260621_131130.jpg  →  \\webdav.cloud.mail.ru@SSL\DavWWWRoot\Foto (Фото)\2026\06.21
2026-06-24 23:08:11,237 [INFO] sorter: Перемещён: IMG_20260621_131554.jpg  →  \\webdav.cloud.mail.ru@SSL\DavWWWRoot\Foto (Фото)\2026\06.21
2026-06-24 23:08:11,467 [INFO] sorter: Перемещён: IMG_20260621_131600.jpg  →  \\webdav.cloud.mail.ru@SSL\DavWWWRoot\Foto (Фото)\2026\06.21
2026-06-24 23:08:11,676 [INFO] sorter: Перемещён: IMG_20260621_131616.jpg  →  \\webdav.cloud.mail.ru@SSL\DavWWWRoot\Foto (Фото)\2026\06.21
2026-06-24 23:08:11,935 [INFO] sorter: Перемещён: IMG_20260621_131818.jpg  →  \\webdav.cloud.mail.ru@SSL\DavWWWRoot\Foto (Фото)\2026\06.21
2026-06-24 23:08:12,194 [INFO] sorter: Перемещён: IMG_20260621_131825.jpg  →  \\webdav.cloud.mail.ru@SSL\DavWWWRoot\Foto (Фото)\2026\06.21
2026-06-24 23:08:28,578 [INFO] sorter: Перемещён: IMG_20260621_132341.jpg  →  \\webdav.cloud.mail.ru@SSL\DavWWWRoot\Foto (Фото)\2026\06.21
2026-06-24 23:08:28,767 [INFO] sorter: Перемещён: IMG_20260621_132412.jpg  →  \\webdav.cloud.mail.ru@SSL\DavWWWRoot\Foto (Фото)\2026\06.21
2026-06-24 23:08:29,005 [INFO] sorter: Перемещён: IMG_20260621_132420.jpg  →  \\webdav.cloud.mail.ru@SSL\DavWWWRoot\Foto (Фото)\2026\06.21
2026-06-24 23:08:29,236 [INFO] sorter: Перемещён: IMG_20260621_132435.jpg  →  \\webdav.cloud.mail.ru@SSL\DavWWWRoot\Foto (Фото)\2026\06.21
2026-06-24 23:08:29,798 [INFO] sorter: Перемещён: IMG_20260621_132449.jpg  →  \\webdav.cloud.mail.ru@SSL\DavWWWRoot\Foto (Фото)\2026\06.21
2026-06-24 23:08:30,094 [INFO] sorter: Перемещён: IMG_20260621_132452.jpg  →  \\webdav.cloud.mail.ru@SSL\DavWWWRoot\Foto (Фото)\2026\06.21
2026-06-24 23:08:30,396 [INFO] sorter: Перемещён: IMG_20260621_132633.jpg  →  \\webdav.cloud.mail.ru@SSL\DavWWWRoot\Foto (Фото)\2026\06.21
2026-06-24 23:08:30,657 [INFO] sorter: Перемещён: IMG_20260621_132841.jpg  →  \\webdav.cloud.mail.ru@SSL\DavWWWRoot\Foto (Фото)\2026\06.21
2026-06-24 23:08:30,935 [INFO] sorter: Перемещён: IMG_20260621_145814.jpg  →  \\webdav.cloud.mail.ru@SSL\DavWWWRoot\Foto (Фото)\2026\06.21
2026-06-24 23:08:31,211 [INFO] sorter: Перемещён: IMG_20260621_145927.jpg  →  \\webdav.cloud.mail.ru@SSL\DavWWWRoot\Foto (Фото)\2026\06.21
2026-06-24 23:08:31,491 [INFO] sorter: Перемещён: IMG_20260621_151725.jpg  →  \\webdav.cloud.mail.ru@SSL\DavWWWRoot\Foto (Фото)\2026\06.21
2026-06-24 23:08:32,161 [INFO] sorter: Перемещён: IMG_20260621_152005.jpg  →  \\webdav.cloud.mail.ru@SSL\DavWWWRoot\Foto (Фото)\2026\06.21
2026-06-24 23:08:32,420 [INFO] sorter: Перемещён: IMG_20260621_152108.jpg  →  \\webdav.cloud.mail.ru@SSL\DavWWWRoot\Foto (Фото)\2026\06.21
2026-06-24 23:08:33,045 [INFO] sorter: Перемещён: IMG_20260621_152206.jpg  →  \\webdav.cloud.mail.ru@SSL\DavWWWRoot\Foto (Фото)\2026\06.21
2026-06-24 23:08:33,456 [INFO] sorter: Перемещён: IMG_20260621_152323.jpg  →  \\webdav.cloud.mail.ru@SSL\DavWWWRoot\Foto (Фото)\2026\06.21
2026-06-24 23:08:33,806 [INFO] sorter: Перемещён: IMG_20260621_152521.jpg  →  \\webdav.cloud.mail.ru@SSL\DavWWWRoot\Foto (Фото)\2026\06.21
2026-06-24 23:08:34,551 [INFO] sorter: Перемещён: IMG_20260621_152529.jpg  →  \\webdav.cloud.mail.ru@SSL\DavWWWRoot\Foto (Фото)\2026\06.21
2026-06-24 23:08:35,521 [INFO] sorter: Перемещён: IMG_20260621_152649.jpg  →  \\webdav.cloud.mail.ru@SSL\DavWWWRoot\Foto (Фото)\2026\06.21
2026-06-24 23:08:35,795 [INFO] sorter: Перемещён: IMG_20260621_180656.jpg  →  \\webdav.cloud.mail.ru@SSL\DavWWWRoot\Foto (Фото)\2026\06.21
2026-06-24 23:08:36,088 [INFO] sorter: Перемещён: IMG_20260621_180701.jpg  →  \\webdav.cloud.mail.ru@SSL\DavWWWRoot\Foto (Фото)\2026\06.21
2026-06-24 23:08:36,413 [INFO] sorter: Перемещён: IMG_20260621_182921.jpg  →  \\webdav.cloud.mail.ru@SSL\DavWWWRoot\Foto (Фото)\2026\06.21
2026-06-24 23:08:36,724 [INFO] sorter: Перемещён: IMG_20260621_182925.jpg  →  \\webdav.cloud.mail.ru@SSL\DavWWWRoot\Foto (Фото)\2026\06.21
2026-06-24 23:08:36,953 [INFO] sorter: Перемещён: IMG_20260621_183032.jpg  →  \\webdav.cloud.mail.ru@SSL\DavWWWRoot\Foto (Фото)\2026\06.21
2026-06-24 23:08:37,284 [INFO] sorter: Перемещён: IMG_20260621_183104.jpg  →  \\webdav.cloud.mail.ru@SSL\DavWWWRoot\Foto (Фото)\2026\06.21
2026-06-24 23:08:37,534 [INFO] sorter: Перемещён: IMG_20260621_183211.jpg  →  \\webdav.cloud.mail.ru@SSL\DavWWWRoot\Foto (Фото)\2026\06.21
2026-06-24 23:08:37,755 [INFO] sorter: Перемещён: IMG_20260621_183526.jpg  →  \\webdav.cloud.mail.ru@SSL\DavWWWRoot\Foto (Фото)\2026\06.21
2026-06-24 23:08:46,861 [INFO] sorter: Перемещён: IMG_20260622_141850.jpg  →  \\webdav.cloud.mail.ru@SSL\DavWWWRoot\Foto (Фото)\2026\06.22
2026-06-24 23:08:47,382 [INFO] sorter: Перемещён: IMG_20260622_142042.jpg  →  \\webdav.cloud.mail.ru@SSL\DavWWWRoot\Foto (Фото)\2026\06.22
2026-06-24 23:08:47,698 [INFO] sorter: Перемещён: IMG_20260622_142057.jpg  →  \\webdav.cloud.mail.ru@SSL\DavWWWRoot\Foto (Фото)\2026\06.22
2026-06-24 23:08:48,123 [INFO] sorter: Перемещён: IMG_20260622_142101.jpg  →  \\webdav.cloud.mail.ru@SSL\DavWWWRoot\Foto (Фото)\2026\06.22
2026-06-24 23:08:48,953 [INFO] sorter: Перемещён: IMG_20260622_142158.jpg  →  \\webdav.cloud.mail.ru@SSL\DavWWWRoot\Foto (Фото)\2026\06.22
2026-06-24 23:08:49,202 [INFO] sorter: Перемещён: IMG_20260622_142212.jpg  →  \\webdav.cloud.mail.ru@SSL\DavWWWRoot\Foto (Фото)\2026\06.22
2026-06-24 23:08:49,428 [INFO] sorter: Перемещён: IMG_20260622_185220.jpg  →  \\webdav.cloud.mail.ru@SSL\DavWWWRoot\Foto (Фото)\2026\06.22
2026-06-24 23:08:49,654 [INFO] sorter: Перемещён: IMG_20260622_185303.jpg  →  \\webdav.cloud.mail.ru@SSL\DavWWWRoot\Foto (Фото)\2026\06.22
2026-06-24 23:08:49,901 [INFO] sorter: Перемещён: IMG_20260622_185314.jpg  →  \\webdav.cloud.mail.ru@SSL\DavWWWRoot\Foto (Фото)\2026\06.22
2026-06-24 23:08:50,125 [INFO] sorter: Перемещён: IMG_20260622_190229.jpg  →  \\webdav.cloud.mail.ru@SSL\DavWWWRoot\Foto (Фото)\2026\06.22
2026-06-24 23:08:50,559 [INFO] sorter: Перемещён: IMG_20260622_190718.jpg  →  \\webdav.cloud.mail.ru@SSL\DavWWWRoot\Foto (Фото)\2026\06.22
2026-06-24 23:08:50,944 [INFO] sorter: Перемещён: IMG_20260622_190848.jpg  →  \\webdav.cloud.mail.ru@SSL\DavWWWRoot\Foto (Фото)\2026\06.22
2026-06-24 23:08:51,210 [INFO] sorter: Перемещён: IMG_20260622_190940.jpg  →  \\webdav.cloud.mail.ru@SSL\DavWWWRoot\Foto (Фото)\2026\06.22
2026-06-24 23:08:51,392 [INFO] sorter: Перемещён: IMG_20260622_190959.jpg  →  \\webdav.cloud.mail.ru@SSL\DavWWWRoot\Foto (Фото)\2026\06.22
2026-06-24 23:08:51,641 [INFO] sorter: Перемещён: IMG_20260622_191033.jpg  →  \\webdav.cloud.mail.ru@SSL\DavWWWRoot\Foto (Фото)\2026\06.22
2026-06-24 23:08:59,769 [INFO] sorter: Перемещён: IMG_20260622_191106.jpg  →  \\webdav.cloud.mail.ru@SSL\DavWWWRoot\Foto (Фото)\2026\06.22
2026-06-24 23:09:00,176 [INFO] sorter: Перемещён: IMG_20260622_191114.jpg  →  \\webdav.cloud.mail.ru@SSL\DavWWWRoot\Foto (Фото)\2026\06.22
2026-06-24 23:09:00,426 [INFO] sorter: Перемещён: IMG_20260622_191154.jpg  →  \\webdav.cloud.mail.ru@SSL\DavWWWRoot\Foto (Фото)\2026\06.22
2026-06-24 23:09:00,707 [INFO] sorter: Перемещён: IMG_20260622_191232.jpg  →  \\webdav.cloud.mail.ru@SSL\DavWWWRoot\Foto (Фото)\2026\06.22
2026-06-24 23:09:00,886 [INFO] sorter: Перемещён: IMG_20260622_191246.jpg  →  \\webdav.cloud.mail.ru@SSL\DavWWWRoot\Foto (Фото)\2026\06.22
2026-06-24 23:09:01,164 [INFO] sorter: Перемещён: IMG_20260622_191255.jpg  →  \\webdav.cloud.mail.ru@SSL\DavWWWRoot\Foto (Фото)\2026\06.22
2026-06-24 23:09:01,421 [INFO] sorter: Перемещён: IMG_20260622_191306.jpg  →  \\webdav.cloud.mail.ru@SSL\DavWWWRoot\Foto (Фото)\2026\06.22
2026-06-24 23:09:01,694 [INFO] sorter: Перемещён: IMG_20260622_191319.jpg  →  \\webdav.cloud.mail.ru@SSL\DavWWWRoot\Foto (Фото)\2026\06.22
2026-06-24 23:09:01,961 [INFO] sorter: Перемещён: IMG_20260622_191332.jpg  →  \\webdav.cloud.mail.ru@SSL\DavWWWRoot\Foto (Фото)\2026\06.22
2026-06-24 23:09:02,264 [INFO] sorter: Перемещён: IMG_20260622_191346.jpg  →  \\webdav.cloud.mail.ru@SSL\DavWWWRoot\Foto (Фото)\2026\06.22
2026-06-24 23:09:02,533 [INFO] sorter: Перемещён: IMG_20260622_191505.jpg  →  \\webdav.cloud.mail.ru@SSL\DavWWWRoot\Foto (Фото)\2026\06.22
2026-06-24 23:09:03,126 [INFO] sorter: Перемещён: IMG_20260622_191959.jpg  →  \\webdav.cloud.mail.ru@SSL\DavWWWRoot\Foto (Фото)\2026\06.22
2026-06-24 23:09:03,339 [INFO] sorter: Перемещён: IMG_20260622_192203.jpg  →  \\webdav.cloud.mail.ru@SSL\DavWWWRoot\Foto (Фото)\2026\06.22
2026-06-24 23:09:03,630 [INFO] sorter: Перемещён: IMG_20260622_192309.jpg  →  \\webdav.cloud.mail.ru@SSL\DavWWWRoot\Foto (Фото)\2026\06.22
2026-06-24 23:09:03,879 [INFO] sorter: Перемещён: IMG_20260622_192620.jpg  →  \\webdav.cloud.mail.ru@SSL\DavWWWRoot\Foto (Фото)\2026\06.22
2026-06-24 23:09:04,125 [INFO] sorter: Перемещён: IMG_20260622_193110.jpg  →  \\webdav.cloud.mail.ru@SSL\DavWWWRoot\Foto (Фото)\2026\06.22
2026-06-24 23:09:04,376 [INFO] sorter: Перемещён: IMG_20260622_193133.jpg  →  \\webdav.cloud.mail.ru@SSL\DavWWWRoot\Foto (Фото)\2026\06.22
2026-06-24 23:09:04,746 [INFO] sorter: Перемещён: IMG_20260622_193403.jpg  →  \\webdav.cloud.mail.ru@SSL\DavWWWRoot\Foto (Фото)\2026\06.22
2026-06-24 23:09:05,042 [INFO] sorter: Перемещён: IMG_20260622_193737.jpg  →  \\webdav.cloud.mail.ru@SSL\DavWWWRoot\Foto (Фото)\2026\06.22
2026-06-24 23:09:05,274 [INFO] sorter: Перемещён: IMG_20260622_193755.jpg  →  \\webdav.cloud.mail.ru@SSL\DavWWWRoot\Foto (Фото)\2026\06.22
2026-06-24 23:09:05,493 [INFO] sorter: Перемещён: IMG_20260622_193839.jpg  →  \\webdav.cloud.mail.ru@SSL\DavWWWRoot\Foto (Фото)\2026\06.22
2026-06-24 23:09:05,860 [INFO] sorter: Перемещён: IMG_20260622_194419.jpg  →  \\webdav.cloud.mail.ru@SSL\DavWWWRoot\Foto (Фото)\2026\06.22
2026-06-24 23:09:06,104 [INFO] sorter: Перемещён: IMG_20260622_194448.jpg  →  \\webdav.cloud.mail.ru@SSL\DavWWWRoot\Foto (Фото)\2026\06.22
2026-06-24 23:09:06,314 [INFO] sorter: Перемещён: IMG_20260622_194638.jpg  →  \\webdav.cloud.mail.ru@SSL\DavWWWRoot\Foto (Фото)\2026\06.22
2026-06-24 23:09:06,606 [INFO] sorter: Перемещён: IMG_20260622_194642.jpg  →  \\webdav.cloud.mail.ru@SSL\DavWWWRoot\Foto (Фото)\2026\06.22
2026-06-24 23:09:06,851 [INFO] sorter: Перемещён: IMG_20260622_194653.jpg  →  \\webdav.cloud.mail.ru@SSL\DavWWWRoot\Foto (Фото)\2026\06.22
2026-06-24 23:09:07,705 [INFO] sorter: Перемещён: IMG_20260622_195345.jpg  →  \\webdav.cloud.mail.ru@SSL\DavWWWRoot\Foto (Фото)\2026\06.22
2026-06-24 23:09:07,982 [INFO] sorter: Перемещён: IMG_20260622_195358.jpg  →  \\webdav.cloud.mail.ru@SSL\DavWWWRoot\Foto (Фото)\2026\06.22
2026-06-24 23:09:08,206 [INFO] sorter: Перемещён: IMG_20260622_195704.jpg  →  \\webdav.cloud.mail.ru@SSL\DavWWWRoot\Foto (Фото)\2026\06.22
2026-06-24 23:09:09,031 [INFO] sorter: Перемещён: IMG_20260622_195711.jpg  →  \\webdav.cloud.mail.ru@SSL\DavWWWRoot\Foto (Фото)\2026\06.22
2026-06-24 23:09:09,357 [INFO] sorter: Перемещён: IMG_20260622_195750.jpg  →  \\webdav.cloud.mail.ru@SSL\DavWWWRoot\Foto (Фото)\2026\06.22
2026-06-24 23:09:09,650 [INFO] sorter: Перемещён: IMG_20260622_200802.jpg  →  \\webdav.cloud.mail.ru@SSL\DavWWWRoot\Foto (Фото)\2026\06.22
2026-06-24 23:09:09,864 [INFO] sorter: Перемещён: IMG_20260622_200822.jpg  →  \\webdav.cloud.mail.ru@SSL\DavWWWRoot\Foto (Фото)\2026\06.22
2026-06-24 23:09:10,101 [INFO] sorter: Перемещён: IMG_20260622_200833.jpg  →  \\webdav.cloud.mail.ru@SSL\DavWWWRoot\Foto (Фото)\2026\06.22
2026-06-24 23:09:10,382 [INFO] sorter: Перемещён: IMG_20260622_200949.jpg  →  \\webdav.cloud.mail.ru@SSL\DavWWWRoot\Foto (Фото)\2026\06.22
2026-06-24 23:09:10,705 [INFO] sorter: Перемещён: IMG_20260622_201050.jpg  →  \\webdav.cloud.mail.ru@SSL\DavWWWRoot\Foto (Фото)\2026\06.22
2026-06-24 23:09:10,996 [INFO] sorter: Перемещён: IMG_20260622_201249.jpg  →  \\webdav.cloud.mail.ru@SSL\DavWWWRoot\Foto (Фото)\2026\06.22
2026-06-24 23:09:11,332 [INFO] sorter: Перемещён: IMG_20260622_202641.jpg  →  \\webdav.cloud.mail.ru@SSL\DavWWWRoot\Foto (Фото)\2026\06.22
2026-06-24 23:09:11,602 [INFO] sorter: Перемещён: IMG_20260622_204154.jpg  →  \\webdav.cloud.mail.ru@SSL\DavWWWRoot\Foto (Фото)\2026\06.22
2026-06-24 23:09:11,861 [INFO] sorter: Перемещён: IMG_20260622_204500.jpg  →  \\webdav.cloud.mail.ru@SSL\DavWWWRoot\Foto (Фото)\2026\06.22
2026-06-24 23:09:12,486 [INFO] sorter: Перемещён: IMG_20260623_110254.jpg  →  \\webdav.cloud.mail.ru@SSL\DavWWWRoot\Foto (Фото)\2026\06.23
2026-06-24 23:09:12,722 [INFO] sorter: Перемещён: IMG_20260623_110310.jpg  →  \\webdav.cloud.mail.ru@SSL\DavWWWRoot\Foto (Фото)\2026\06.23
2026-06-24 23:09:12,989 [INFO] sorter: Перемещён: IMG_20260623_114512.jpg  →  \\webdav.cloud.mail.ru@SSL\DavWWWRoot\Foto (Фото)\2026\06.23
2026-06-24 23:09:13,246 [INFO] sorter: Перемещён: IMG_20260623_115137.jpg  →  \\webdav.cloud.mail.ru@SSL\DavWWWRoot\Foto (Фото)\2026\06.23
2026-06-24 23:09:13,526 [INFO] sorter: Перемещён: IMG_20260623_115250.jpg  →  \\webdav.cloud.mail.ru@SSL\DavWWWRoot\Foto (Фото)\2026\06.23
2026-06-24 23:09:13,760 [INFO] sorter: Перемещён: IMG_20260623_115608.jpg  →  \\webdav.cloud.mail.ru@SSL\DavWWWRoot\Foto (Фото)\2026\06.23
2026-06-24 23:09:13,973 [INFO] sorter: Перемещён: IMG_20260623_115636.jpg  →  \\webdav.cloud.mail.ru@SSL\DavWWWRoot\Foto (Фото)\2026\06.23
2026-06-24 23:09:14,347 [INFO] sorter: Перемещён: IMG_20260623_115651.jpg  →  \\webdav.cloud.mail.ru@SSL\DavWWWRoot\Foto (Фото)\2026\06.23
2026-06-24 23:09:14,505 [INFO] sorter: Перемещён: IMG_20260623_115825.jpg  →  \\webdav.cloud.mail.ru@SSL\DavWWWRoot\Foto (Фото)\2026\06.23
2026-06-24 23:09:14,783 [INFO] sorter: Перемещён: IMG_20260623_115849.jpg  →  \\webdav.cloud.mail.ru@SSL\DavWWWRoot\Foto (Фото)\2026\06.23
2026-06-24 23:09:15,133 [INFO] sorter: Перемещён: IMG_20260623_120519.jpg  →  \\webdav.cloud.mail.ru@SSL\DavWWWRoot\Foto (Фото)\2026\06.23
2026-06-24 23:09:15,437 [INFO] sorter: Перемещён: IMG_20260623_120558.jpg  →  \\webdav.cloud.mail.ru@SSL\DavWWWRoot\Foto (Фото)\2026\06.23
2026-06-24 23:09:15,705 [INFO] sorter: Перемещён: IMG_20260623_120748.jpg  →  \\webdav.cloud.mail.ru@SSL\DavWWWRoot\Foto (Фото)\2026\06.23
2026-06-24 23:09:16,016 [INFO] sorter: Перемещён: IMG_20260623_133640.jpg  →  \\webdav.cloud.mail.ru@SSL\DavWWWRoot\Foto (Фото)\2026\06.23
2026-06-24 23:09:16,250 [INFO] sorter: Перемещён: IMG_20260623_133751.jpg  →  \\webdav.cloud.mail.ru@SSL\DavWWWRoot\Foto (Фото)\2026\06.23
2026-06-24 23:09:16,496 [INFO] sorter: Перемещён: IMG_20260623_134223.jpg  →  \\webdav.cloud.mail.ru@SSL\DavWWWRoot\Foto (Фото)\2026\06.23
2026-06-24 23:09:16,735 [INFO] sorter: Перемещён: IMG_20260623_134410.jpg  →  \\webdav.cloud.mail.ru@SSL\DavWWWRoot\Foto (Фото)\2026\06.23
2026-06-24 23:09:16,949 [INFO] sorter: Перемещён: IMG_20260623_134524.jpg  →  \\webdav.cloud.mail.ru@SSL\DavWWWRoot\Foto (Фото)\2026\06.23
2026-06-24 23:09:17,230 [INFO] sorter: Перемещён: IMG_20260623_135145.jpg  →  \\webdav.cloud.mail.ru@SSL\DavWWWRoot\Foto (Фото)\2026\06.23
2026-06-24 23:09:17,554 [INFO] sorter: Перемещён: IMG_20260623_135316.jpg  →  \\webdav.cloud.mail.ru@SSL\DavWWWRoot\Foto (Фото)\2026\06.23
2026-06-24 23:09:17,800 [INFO] sorter: Перемещён: IMG_20260623_135319.jpg  →  \\webdav.cloud.mail.ru@SSL\DavWWWRoot\Foto (Фото)\2026\06.23
2026-06-24 23:09:18,034 [INFO] sorter: Перемещён: IMG_20260623_135739.jpg  →  \\webdav.cloud.mail.ru@SSL\DavWWWRoot\Foto (Фото)\2026\06.23
2026-06-24 23:09:18,294 [INFO] sorter: Перемещён: IMG_20260623_135754.jpg  →  \\webdav.cloud.mail.ru@SSL\DavWWWRoot\Foto (Фото)\2026\06.23
2026-06-24 23:09:18,592 [INFO] sorter: Перемещён: IMG_20260623_135808.jpg  →  \\webdav.cloud.mail.ru@SSL\DavWWWRoot\Foto (Фото)\2026\06.23
2026-06-24 23:09:18,881 [INFO] sorter: Перемещён: IMG_20260623_140215.jpg  →  \\webdav.cloud.mail.ru@SSL\DavWWWRoot\Foto (Фото)\2026\06.23
2026-06-24 23:09:19,151 [INFO] sorter: Перемещён: IMG_20260623_140225.jpg  →  \\webdav.cloud.mail.ru@SSL\DavWWWRoot\Foto (Фото)\2026\06.23
2026-06-24 23:09:19,409 [INFO] sorter: Перемещён: IMG_20260623_140543.jpg  →  \\webdav.cloud.mail.ru@SSL\DavWWWRoot\Foto (Фото)\2026\06.23
2026-06-24 23:09:19,705 [INFO] sorter: Перемещён: IMG_20260623_140642.jpg  →  \\webdav.cloud.mail.ru@SSL\DavWWWRoot\Foto (Фото)\2026\06.23
2026-06-24 23:09:20,831 [INFO] sorter: Перемещён: IMG_20260623_141610.jpg  →  \\webdav.cloud.mail.ru@SSL\DavWWWRoot\Foto (Фото)\2026\06.23
2026-06-24 23:09:21,074 [INFO] sorter: Перемещён: IMG_20260623_141639.jpg  →  \\webdav.cloud.mail.ru@SSL\DavWWWRoot\Foto (Фото)\2026\06.23
2026-06-24 23:09:21,275 [INFO] sorter: Перемещён: IMG_20260623_174041.jpg  →  \\webdav.cloud.mail.ru@SSL\DavWWWRoot\Foto (Фото)\2026\06.23
2026-06-24 23:09:21,596 [INFO] sorter: Перемещён: IMG_20260623_174055.jpg  →  \\webdav.cloud.mail.ru@SSL\DavWWWRoot\Foto (Фото)\2026\06.23
2026-06-24 23:09:21,833 [INFO] sorter: Перемещён: IMG_20260623_174722.jpg  →  \\webdav.cloud.mail.ru@SSL\DavWWWRoot\Foto (Фото)\2026\06.23
2026-06-24 23:09:22,253 [INFO] sorter: Перемещён: IMG_20260623_175449.jpg  →  \\webdav.cloud.mail.ru@SSL\DavWWWRoot\Foto (Фото)\2026\06.23
2026-06-24 23:09:22,529 [INFO] sorter: Перемещён: IMG_20260623_175500.jpg  →  \\webdav.cloud.mail.ru@SSL\DavWWWRoot\Foto (Фото)\2026\06.23
2026-06-24 23:09:22,818 [INFO] sorter: Перемещён: IMG_20260623_175628.jpg  →  \\webdav.cloud.mail.ru@SSL\DavWWWRoot\Foto (Фото)\2026\06.23
2026-06-24 23:09:23,109 [INFO] sorter: Перемещён: IMG_20260623_175719.jpg  →  \\webdav.cloud.mail.ru@SSL\DavWWWRoot\Foto (Фото)\2026\06.23
2026-06-24 23:09:23,481 [INFO] sorter: Перемещён: IMG_20260623_175900.jpg  →  \\webdav.cloud.mail.ru@SSL\DavWWWRoot\Foto (Фото)\2026\06.23
2026-06-24 23:09:23,730 [INFO] sorter: Перемещён: IMG_20260623_175922.jpg  →  \\webdav.cloud.mail.ru@SSL\DavWWWRoot\Foto (Фото)\2026\06.23
2026-06-24 23:09:23,973 [INFO] sorter: Перемещён: IMG_20260623_175955.jpg  →  \\webdav.cloud.mail.ru@SSL\DavWWWRoot\Foto (Фото)\2026\06.23
2026-06-24 23:09:24,253 [INFO] sorter: Перемещён: IMG_20260623_180051.jpg  →  \\webdav.cloud.mail.ru@SSL\DavWWWRoot\Foto (Фото)\2026\06.23
2026-06-24 23:09:24,504 [INFO] sorter: Перемещён: IMG_20260623_180058.jpg  →  \\webdav.cloud.mail.ru@SSL\DavWWWRoot\Foto (Фото)\2026\06.23
2026-06-24 23:09:24,778 [INFO] sorter: Перемещён: IMG_20260623_180200.jpg  →  \\webdav.cloud.mail.ru@SSL\DavWWWRoot\Foto (Фото)\2026\06.23
2026-06-24 23:09:25,031 [INFO] sorter: Перемещён: IMG_20260623_180315.jpg  →  \\webdav.cloud.mail.ru@SSL\DavWWWRoot\Foto (Фото)\2026\06.23
2026-06-24 23:09:25,293 [INFO] sorter: Перемещён: IMG_20260623_180320.jpg  →  \\webdav.cloud.mail.ru@SSL\DavWWWRoot\Foto (Фото)\2026\06.23
2026-06-24 23:09:25,564 [INFO] sorter: Перемещён: IMG_20260623_180330.jpg  →  \\webdav.cloud.mail.ru@SSL\DavWWWRoot\Foto (Фото)\2026\06.23
2026-06-24 23:09:25,767 [INFO] sorter: Перемещён: IMG_20260623_180350.jpg  →  \\webdav.cloud.mail.ru@SSL\DavWWWRoot\Foto (Фото)\2026\06.23
2026-06-24 23:09:25,999 [INFO] sorter: Перемещён: IMG_20260623_180426.jpg  →  \\webdav.cloud.mail.ru@SSL\DavWWWRoot\Foto (Фото)\2026\06.23
2026-06-24 23:09:26,308 [INFO] sorter: Перемещён: IMG_20260623_180435.jpg  →  \\webdav.cloud.mail.ru@SSL\DavWWWRoot\Foto (Фото)\2026\06.23
2026-06-24 23:09:26,502 [INFO] sorter: Перемещён: IMG_20260623_180439.jpg  →  \\webdav.cloud.mail.ru@SSL\DavWWWRoot\Foto (Фото)\2026\06.23
2026-06-24 23:09:26,851 [INFO] sorter: Перемещён: IMG_20260623_180455.jpg  →  \\webdav.cloud.mail.ru@SSL\DavWWWRoot\Foto (Фото)\2026\06.23
2026-06-24 23:09:27,112 [INFO] sorter: Перемещён: IMG_20260623_180543.jpg  →  \\webdav.cloud.mail.ru@SSL\DavWWWRoot\Foto (Фото)\2026\06.23
2026-06-24 23:09:27,348 [INFO] sorter: Перемещён: IMG_20260623_180610.jpg  →  \\webdav.cloud.mail.ru@SSL\DavWWWRoot\Foto (Фото)\2026\06.23
2026-06-24 23:09:27,573 [INFO] sorter: Перемещён: IMG_20260623_180614.jpg  →  \\webdav.cloud.mail.ru@SSL\DavWWWRoot\Foto (Фото)\2026\06.23
2026-06-24 23:09:27,782 [INFO] sorter: Перемещён: IMG_20260623_180632.jpg  →  \\webdav.cloud.mail.ru@SSL\DavWWWRoot\Foto (Фото)\2026\06.23
2026-06-24 23:09:28,039 [INFO] sorter: Перемещён: IMG_20260623_180639.jpg  →  \\webdav.cloud.mail.ru@SSL\DavWWWRoot\Foto (Фото)\2026\06.23
2026-06-24 23:09:28,510 [INFO] sorter: Перемещён: IMG_20260623_181907.jpg  →  \\webdav.cloud.mail.ru@SSL\DavWWWRoot\Foto (Фото)\2026\06.23
2026-06-24 23:09:28,679 [INFO] sorter: Перемещён: IMG_20260623_182801.jpg  →  \\webdav.cloud.mail.ru@SSL\DavWWWRoot\Foto (Фото)\2026\06.23
2026-06-24 23:09:28,948 [INFO] sorter: Перемещён: IMG_20260623_183201.jpg  →  \\webdav.cloud.mail.ru@SSL\DavWWWRoot\Foto (Фото)\2026\06.23
2026-06-24 23:09:29,191 [INFO] sorter: Перемещён: IMG_20260623_183406.jpg  →  \\webdav.cloud.mail.ru@SSL\DavWWWRoot\Foto (Фото)\2026\06.23
2026-06-24 23:09:29,504 [INFO] sorter: Перемещён: IMG_20260623_183830.jpg  →  \\webdav.cloud.mail.ru@SSL\DavWWWRoot\Foto (Фото)\2026\06.23
2026-06-24 23:09:29,772 [INFO] sorter: Перемещён: IMG_20260623_183906.jpg  →  \\webdav.cloud.mail.ru@SSL\DavWWWRoot\Foto (Фото)\2026\06.23
2026-06-24 23:09:30,003 [INFO] sorter: Перемещён: IMG_20260623_184459.jpg  →  \\webdav.cloud.mail.ru@SSL\DavWWWRoot\Foto (Фото)\2026\06.23
2026-06-24 23:09:30,208 [INFO] sorter: Перемещён: IMG_20260623_203033.jpg  →  \\webdav.cloud.mail.ru@SSL\DavWWWRoot\Foto (Фото)\2026\06.23
2026-06-24 23:09:30,484 [INFO] sorter: Перемещён: IMG_20260623_203101.jpg  →  \\webdav.cloud.mail.ru@SSL\DavWWWRoot\Foto (Фото)\2026\06.23
2026-06-24 23:09:31,098 [INFO] sorter: Перемещён: IMG_20260624_165754.jpg  →  \\webdav.cloud.mail.ru@SSL\DavWWWRoot\Foto (Фото)\2026\06.24
2026-06-24 23:09:31,387 [INFO] sorter: Перемещён: IMG_20260624_165755.jpg  →  \\webdav.cloud.mail.ru@SSL\DavWWWRoot\Foto (Фото)\2026\06.24
2026-06-24 23:09:31,662 [INFO] sorter: Перемещён: IMG_20260624_165757.jpg  →  \\webdav.cloud.mail.ru@SSL\DavWWWRoot\Foto (Фото)\2026\06.24
2026-06-24 23:09:31,913 [INFO] sorter: Перемещён: IMG_20260624_165801.jpg  →  \\webdav.cloud.mail.ru@SSL\DavWWWRoot\Foto (Фото)\2026\06.24
2026-06-24 23:09:32,189 [INFO] sorter: Перемещён: IMG_20260624_165803.jpg  →  \\webdav.cloud.mail.ru@SSL\DavWWWRoot\Foto (Фото)\2026\06.24
2026-06-24 23:09:32,449 [INFO] sorter: Перемещён: IMG_20260624_165806.jpg  →  \\webdav.cloud.mail.ru@SSL\DavWWWRoot\Foto (Фото)\2026\06.24
2026-06-24 23:09:33,044 [INFO] sorter: Перемещён: video_20260410_091028.mp4  →  \\webdav.cloud.mail.ru@SSL\DavWWWRoot\Foto (Фото)\2026\04.10
2026-06-24 23:09:33,604 [INFO] sorter: Перемещён: video_20260417_124703.mp4  →  \\webdav.cloud.mail.ru@SSL\DavWWWRoot\Foto (Фото)\2026\04.17
2026-06-24 23:09:34,138 [INFO] sorter: Перемещён: video_20260418_141747.mp4  →  \\webdav.cloud.mail.ru@SSL\DavWWWRoot\Foto (Фото)\2026\04.18
2026-06-24 23:09:34,372 [INFO] sorter: Перемещён: video_20260418_143204.mp4  →  \\webdav.cloud.mail.ru@SSL\DavWWWRoot\Foto (Фото)\2026\04.18
2026-06-24 23:09:34,600 [INFO] sorter: Перемещён: video_20260418_143605.mp4  →  \\webdav.cloud.mail.ru@SSL\DavWWWRoot\Foto (Фото)\2026\04.18
2026-06-24 23:09:34,913 [INFO] sorter: Перемещён: video_20260418_155829.mp4  →  \\webdav.cloud.mail.ru@SSL\DavWWWRoot\Foto (Фото)\2026\04.18
2026-06-24 23:09:35,587 [INFO] sorter: Перемещён: video_20260420_125349.mp4  →  \\webdav.cloud.mail.ru@SSL\DavWWWRoot\Foto (Фото)\2026\04.20
2026-06-24 23:09:35,848 [INFO] sorter: Перемещён: video_20260420_132003.mp4  →  \\webdav.cloud.mail.ru@SSL\DavWWWRoot\Foto (Фото)\2026\04.20
2026-06-24 23:09:36,369 [INFO] sorter: Перемещён: video_20260428_071823.mp4  →  \\webdav.cloud.mail.ru@SSL\DavWWWRoot\Foto (Фото)\2026\04.28
2026-06-24 23:09:36,865 [INFO] sorter: Перемещён: video_20260525_130957.mp4  →  \\webdav.cloud.mail.ru@SSL\DavWWWRoot\Foto (Фото)\2026\05.25
2026-06-24 23:09:37,366 [INFO] sorter: Перемещён: video_20260612_152517.mp4  →  \\webdav.cloud.mail.ru@SSL\DavWWWRoot\Foto (Фото)\2026\06.12
2026-06-24 23:09:37,882 [INFO] sorter: Перемещён: video_20260618_122214.mp4  →  \\webdav.cloud.mail.ru@SSL\DavWWWRoot\Foto (Фото)\2026\06.18
2026-06-24 23:09:38,142 [INFO] sorter: Перемещён: video_20260618_140805.mp4  →  \\webdav.cloud.mail.ru@SSL\DavWWWRoot\Foto (Фото)\2026\06.18
2026-06-24 23:09:38,639 [INFO] sorter: Перемещён: video_20260619_121754.mp4  →  \\webdav.cloud.mail.ru@SSL\DavWWWRoot\Foto (Фото)\2026\06.19
2026-06-24 23:09:38,895 [INFO] sorter: Перемещён: video_20260619_130756.mp4  →  \\webdav.cloud.mail.ru@SSL\DavWWWRoot\Foto (Фото)\2026\06.19
2026-06-24 23:09:39,136 [INFO] sorter: Перемещён: video_20260619_131401.mp4  →  \\webdav.cloud.mail.ru@SSL\DavWWWRoot\Foto (Фото)\2026\06.19
2026-06-24 23:09:39,405 [INFO] sorter: Перемещён: video_20260619_140226.mp4  →  \\webdav.cloud.mail.ru@SSL\DavWWWRoot\Foto (Фото)\2026\06.19
2026-06-24 23:09:40,095 [INFO] sorter: Перемещён: video_20260621_123744.mp4  →  \\webdav.cloud.mail.ru@SSL\DavWWWRoot\Foto (Фото)\2026\06.21
2026-06-24 23:09:40,329 [INFO] sorter: Перемещён: video_20260621_131436.mp4  →  \\webdav.cloud.mail.ru@SSL\DavWWWRoot\Foto (Фото)\2026\06.21
2026-06-24 23:09:40,555 [INFO] sorter: Перемещён: video_20260621_183117.mp4  →  \\webdav.cloud.mail.ru@SSL\DavWWWRoot\Foto (Фото)\2026\06.21
2026-06-24 23:09:40,810 [INFO] sorter: Перемещён: video_20260621_183238.mp4  →  \\webdav.cloud.mail.ru@SSL\DavWWWRoot\Foto (Фото)\2026\06.21
2026-06-24 23:09:41,088 [INFO] sorter: Перемещён: video_20260623_134052.mp4  →  \\webdav.cloud.mail.ru@SSL\DavWWWRoot\Foto (Фото)\2026\06.23
2026-06-24 23:09:41,293 [INFO] sorter: Перемещён: video_20260623_181132.mp4  →  \\webdav.cloud.mail.ru@SSL\DavWWWRoot\Foto (Фото)\2026\06.23
2026-06-24 23:09:41,510 [INFO] sorter: Перемещён: video_20260623_184419.mp4  →  \\webdav.cloud.mail.ru@SSL\DavWWWRoot\Foto (Фото)\2026\06.23
2026-06-24 23:09:41,758 [INFO] sorter: Перемещён: video_20260623_203105.mp4  →  \\webdav.cloud.mail.ru@SSL\DavWWWRoot\Foto (Фото)\2026\06.23
2026-06-24 23:09:42,238 [INFO] sorter: Перемещён: video_20260623_203218.mp4  →  \\webdav.cloud.mail.ru@SSL\DavWWWRoot\Foto (Фото)\2026\06.23
2026-06-24 23:09:42,474 [INFO] sorter: Перемещён: video_20260624_162333.mp4  →  \\webdav.cloud.mail.ru@SSL\DavWWWRoot\Foto (Фото)\2026\06.24
2026-06-24 23:09:42,724 [INFO] sorter: Перемещён: video_20260624_165818.mp4  →  \\webdav.cloud.mail.ru@SSL\DavWWWRoot\Foto (Фото)\2026\06.24
2026-06-24 23:09:42,843 [WARNING] sorter: Не удалось извлечь дату из имени: Выступление в школе, спектакль про Федота.jpg
2026-06-24 23:09:42,955 [INFO] sorter: Готово. Перемещено: 491  Пропущено: 1  Ошибок: 0
2026-06-24 23:09:42,956 [INFO] stage1: Результат этапа 1: {'moved': 491, 'skipped': 1, 'errors': 0}
2026-06-24 23:09:42,956 [INFO] main: Pipeline завершён. Код выхода: 0
